
CondaError: Run 'conda init' before 'conda activate'

ℹ Loading simbascule
ℹ Loading bascule
✔ Loading bascule. Support : <https://caravagnalab.github.io/bascule/>

Attaching package: ‘kernlab’

The following object is masked from ‘package:flexclust’:

    kcca

The following object is masked from ‘package:bascule’:

    alpha


Attaching package: ‘proxy’

The following objects are masked from ‘package:stats’:

    as.dist, dist

The following object is masked from ‘package:base’:

    as.matrix

Files path:
/orfeo/cephfs/scratch/cdslab/ebusca00/signatures//fits_generative_model/all_fits//fits_dn.matched.2011.compare_LAST/

Output path:
/orfeo/cephfs/scratch/cdslab/ebusca00/signatures//stats_dataframes/
/orfeo/cephfs/scratch/cdslab/ebusca00/signatures//fits_generative_model/all_fits//fits_dn.matched.2011.compare_LAST//clustering.N1000.G1.s1.matched.2011.Rds
/orfeo/cephfs/scratch/cdslab/ebusca00/signatures//fits_generative_model/all_fits//fits_dn.matched.2011.compare_LAST//clustering.N1000.G1.s10.matched.2011.Rds
/orfeo/cephfs/scratch/cdslab/ebusca00/signatures//fits_generative_model/all_fits//fits_dn.matched.2011.compare_LAST//clustering.N1000.G1.s11.matched.2011.Rds
/orfeo/cephfs/scratch/cdslab/ebusca00/signatures//fits_generative_model/all_fits//fits_dn.matched.2011.compare_LAST//clustering.N1000.G1.s12.matched.2011.Rds
/orfeo/cephfs/scratch/cdslab/ebusca00/signatures//fits_generative_model/all_fits//fits_dn.matched.2011.compare_LAST//clustering.N1000.G1.s13.matched.2011.Rds
/orfeo/cephfs/scratch/cdslab/ebusca00/signatures//fits_generative_model/all_fits//fits_dn.matched.2011.compare_LAST//clustering.N1000.G1.s14.matched.2011.Rds
/orfeo/cephfs/scratch/cdslab/ebusca00/signatures//fits_generative_model/all_fits//fits_dn.matched.2011.compare_LAST//clustering.N1000.G1.s15.matched.2011.Rds
/orfeo/cephfs/scratch/cdslab/ebusca00/signatures//fits_generative_model/all_fits//fits_dn.matched.2011.compare_LAST//clustering.N1000.G1.s16.matched.2011.Rds
/orfeo/cephfs/scratch/cdslab/ebusca00/signatures//fits_generative_model/all_fits//fits_dn.matched.2011.compare_LAST//clustering.N1000.G1.s17.matched.2011.Rds
[1] "BASCULE"
[1] "BASCULE"
[1] "SigProfiler"
[1] "SigProfiler"[1] "SparseSignatures"

[1] "BASCULE"[1] "SparseSignatures"[1][1]

 "SignatureToolsLib"
 "BASCULE"
[1] "BASCULE"[1][1] "BASCULE"[1] "BASCULE"[1] "BASCULE"[1][1]
 "SignatureToolsLib"
/orfeo/cephfs/scratch/cdslab/ebusca00/signatures//fits_generative_model/all_fits//fits_dn.matched.2011.compare_LAST//clustering.N1000.G1.s2.matched.2011.Rds
[1] "SigProfiler"


 "SigProfiler"
 "BASCULE"
[1]
/orfeo/cephfs/scratch/cdslab/ebusca00/signatures//fits_generative_model/all_fits//fits_dn.matched.2011.compare_LAST//clustering.N1000.G1.s18.matched.2011.Rds
[1][1][1][1] "SigProfiler"[1] "SigProfiler"[1] "SigProfiler" "SparseSignatures" "SigProfiler" "SigProfiler"

 "SparseSignatures"




[1][1] "SparseSignatures"[1] "SignatureToolsLib"[1][1][1] "SparseSignatures"
[1]

 "SparseSignatures" "SignatureToolsLib" "SparseSignatures"[1] "SparseSignatures"[1]


 "SignatureToolsLib"
 "SignatureToolsLib"
/orfeo/cephfs/scratch/cdslab/ebusca00/signatures//fits_generative_model/all_fits//fits_dn.matched.2011.compare_LAST//clustering.N1000.G1.s20.matched.2011.Rds
[1]
[1][1]/orfeo/cephfs/scratch/cdslab/ebusca00/signatures//fits_generative_model/all_fits//fits_dn.matched.2011.compare_LAST//clustering.N1000.G1.s19.matched.2011.Rds
 "SignatureToolsLib"
/orfeo/cephfs/scratch/cdslab/ebusca00/signatures//fits_generative_model/all_fits//fits_dn.matched.2011.compare_LAST//clustering.N1000.G1.s21.matched.2011.Rds
 "SignatureToolsLib"/orfeo/cephfs/scratch/cdslab/ebusca00/signatures//fits_generative_model/all_fits//fits_dn.matched.2011.compare_LAST//clustering.N1000.G1.s22.matched.2011.Rds
 "SignatureToolsLib"

/orfeo/cephfs/scratch/cdslab/ebusca00/signatures//fits_generative_model/all_fits//fits_dn.matched.2011.compare_LAST//clustering.N1000.G1.s23.matched.2011.Rds
/orfeo/cephfs/scratch/cdslab/ebusca00/signatures//fits_generative_model/all_fits//fits_dn.matched.2011.compare_LAST//clustering.N1000.G1.s25.matched.2011.Rds
/orfeo/cephfs/scratch/cdslab/ebusca00/signatures//fits_generative_model/all_fits//fits_dn.matched.2011.compare_LAST//clustering.N1000.G1.s24.matched.2011.Rds
[1] "BASCULE"
[1] "SigProfiler"
[1] "SparseSignatures"
[1] "SignatureToolsLib"
/orfeo/cephfs/scratch/cdslab/ebusca00/signatures//fits_generative_model/all_fits//fits_dn.matched.2011.compare_LAST//clustering.N1000.G1.s28.matched.2011.Rds
[1] "BASCULE"
[1] "BASCULE"[1]
 "SigProfiler"
[1] "SigProfiler"[1]
 "SparseSignatures"
[1] "SparseSignatures"
[1] "SignatureToolsLib"
[1]/orfeo/cephfs/scratch/cdslab/ebusca00/signatures//fits_generative_model/all_fits//fits_dn.matched.2011.compare_LAST//clustering.N1000.G1.s3.matched.2011.Rds
 "SignatureToolsLib"
/orfeo/cephfs/scratch/cdslab/ebusca00/signatures//fits_generative_model/all_fits//fits_dn.matched.2011.compare_LAST//clustering.N1000.G1.s30.matched.2011.Rds
[1] "BASCULE"
[1] "SigProfiler"
[1] "SparseSignatures"
[1] "SignatureToolsLib"
/orfeo/cephfs/scratch/cdslab/ebusca00/signatures//fits_generative_model/all_fits//fits_dn.matched.2011.compare_LAST//clustering.N1000.G1.s26.matched.2011.Rds
[1] "BASCULE"
[1] "SigProfiler"
[1] "SparseSignatures"
[1] "SignatureToolsLib"
/orfeo/cephfs/scratch/cdslab/ebusca00/signatures//fits_generative_model/all_fits//fits_dn.matched.2011.compare_LAST//simul_fit.N1000.G1.s10.matched.2011.Rds
[1] "BASCULE"
[1] "SigProfiler"
[1] "SparseSignatures"
[1] "SignatureToolsLib"
[1] "BASCULE"
/orfeo/cephfs/scratch/cdslab/ebusca00/signatures//fits_generative_model/all_fits//fits_dn.matched.2011.compare_LAST//clustering.N1000.G1.s29.matched.2011.Rds
[1] "SigProfiler"
[1] "SparseSignatures"
[1] "BASCULE"[1] "BASCULE"[1] "BASCULE"[1]


 "SignatureToolsLib"
[1] "SigProfiler"[1] "SigProfiler"[1] "SigProfiler"

/orfeo/cephfs/scratch/cdslab/ebusca00/signatures//fits_generative_model/all_fits//fits_dn.matched.2011.compare_LAST//clustering.N1000.G1.s4.matched.2011.Rds

[1] "SparseSignatures"[1] "SparseSignatures"[1]

 "SparseSignatures"
[1] "SignatureToolsLib"[1] "SignatureToolsLib"[1]

 "SignatureToolsLib"
/orfeo/cephfs/scratch/cdslab/ebusca00/signatures//fits_generative_model/all_fits//fits_dn.matched.2011.compare_LAST//clustering.N1000.G1.s6.matched.2011.Rds
/orfeo/cephfs/scratch/cdslab/ebusca00/signatures//fits_generative_model/all_fits//fits_dn.matched.2011.compare_LAST//clustering.N1000.G1.s5.matched.2011.Rds
/orfeo/cephfs/scratch/cdslab/ebusca00/signatures//fits_generative_model/all_fits//fits_dn.matched.2011.compare_LAST//clustering.N1000.G1.s27.matched.2011.Rds
[1] "BASCULE"
[1] "SigProfiler"
[1] "SparseSignatures"
[1] "SignatureToolsLib"
/orfeo/cephfs/scratch/cdslab/ebusca00/signatures//fits_generative_model/all_fits//fits_dn.matched.2011.compare_LAST//clustering.N1000.G1.s9.matched.2011.Rds
[1] "BASCULE"
[1] "BASCULE"
[1] "SigProfiler"
[1] "SparseSignatures"
[1] "SignatureToolsLib"
/orfeo/cephfs/scratch/cdslab/ebusca00/signatures//fits_generative_model/all_fits//fits_dn.matched.2011.compare_LAST//simul_fit.N1000.G1.s1.matched.2011.Rds
[1] "BASCULE"
[1] "BASCULE"
[1] "SigProfiler"[1] "SigProfiler"

[1][1] "SparseSignatures"
 "SparseSignatures"
[1] "SignatureToolsLib"[1] "SignatureToolsLib"

/orfeo/cephfs/scratch/cdslab/ebusca00/signatures//fits_generative_model/all_fits//fits_dn.matched.2011.compare_LAST//clustering.N1000.G1.s7.matched.2011.Rds
/orfeo/cephfs/scratch/cdslab/ebusca00/signatures//fits_generative_model/all_fits//fits_dn.matched.2011.compare_LAST//clustering.N1000.G3.s1.matched.2011.Rds
[1] "BASCULE"
[1][1] "BASCULE" "SigProfiler"

[1][1] "SparseSignatures" "SigProfiler"

[1][1] "SignatureToolsLib" "SparseSignatures"

/orfeo/cephfs/scratch/cdslab/ebusca00/signatures//fits_generative_model/all_fits//fits_dn.matched.2011.compare_LAST//simul_fit.N1000.G1.s12.matched.2011.Rds
[1] "BASCULE"[1] "SignatureToolsLib"

[1] "SigProfiler"/orfeo/cephfs/scratch/cdslab/ebusca00/signatures//fits_generative_model/all_fits//fits_dn.matched.2011.compare_LAST//simul_fit.N1000.G1.s13.matched.2011.Rds

[1] "SparseSignatures"
[1] "SignatureToolsLib"
[1] "BASCULE"
/orfeo/cephfs/scratch/cdslab/ebusca00/signatures//fits_generative_model/all_fits//fits_dn.matched.2011.compare_LAST//simul_fit.N1000.G1.s11.matched.2011.Rds
[1] "BASCULE"
[1] "SigProfiler"
[1] "SparseSignatures"
[1] "BASCULE"[1]
 "SignatureToolsLib"
[1] "SigProfiler"
/orfeo/cephfs/scratch/cdslab/ebusca00/signatures//fits_generative_model/all_fits//fits_dn.matched.2011.compare_LAST//clustering.N1000.G1.s8.matched.2011.Rds
[1] "SparseSignatures"
[1] "SignatureToolsLib"
/orfeo/cephfs/scratch/cdslab/ebusca00/signatures//fits_generative_model/all_fits//fits_dn.matched.2011.compare_LAST//simul_fit.N1000.G1.s16.matched.2011.Rds
[1] "BASCULE"
[1] "SigProfiler"
[1] "SparseSignatures"
[1] "SignatureToolsLib"
/orfeo/cephfs/scratch/cdslab/ebusca00/signatures//fits_generative_model/all_fits//fits_dn.matched.2011.compare_LAST//simul_fit.N1000.G1.s17.matched.2011.Rds
[1] "BASCULE"
[1] "BASCULE"
[1] "BASCULE"[1] "BASCULE"

[1] "SigProfiler"
[1] "SparseSignatures"
[1] "SignatureToolsLib"
/orfeo/cephfs/scratch/cdslab/ebusca00/signatures//fits_generative_model/all_fits//fits_dn.matched.2011.compare_LAST//simul_fit.N1000.G1.s14.matched.2011.Rds
[1] "BASCULE"
[1] "BASCULE"
[1] "SigProfiler"
[1] "SparseSignatures"
[1] "SignatureToolsLib"
/orfeo/cephfs/scratch/cdslab/ebusca00/signatures//fits_generative_model/all_fits//fits_dn.matched.2011.compare_LAST//simul_fit.N1000.G1.s15.matched.2011.Rds
[1] "SigProfiler"
[1] "BASCULE"
[1] "SparseSignatures"
[1] "BASCULE"
[1] "BASCULE"
[1] "SignatureToolsLib"
[1] "SigProfiler"
[1] "SparseSignatures"
/orfeo/cephfs/scratch/cdslab/ebusca00/signatures//fits_generative_model/all_fits//fits_dn.matched.2011.compare_LAST//simul_fit.N1000.G1.s19.matched.2011.Rds
[1] "SignatureToolsLib"
[1] "SigProfiler"
[1] "SigProfiler"
[1] "SigProfiler"
[1] "SigProfiler"
[1] "BASCULE"
[1] "SparseSignatures"
[1] "SparseSignatures"
/orfeo/cephfs/scratch/cdslab/ebusca00/signatures//fits_generative_model/all_fits//fits_dn.matched.2011.compare_LAST//simul_fit.N1000.G1.s18.matched.2011.Rds
[1] "SparseSignatures"
[1] "SignatureToolsLib"[1]
 "SparseSignatures"
[1] "SignatureToolsLib"
[1] "SigProfiler"
[1] "SignatureToolsLib"
[1] "SignatureToolsLib"
[1] "BASCULE"
[1] "SparseSignatures"
[1] "SigProfiler"
/orfeo/cephfs/scratch/cdslab/ebusca00/signatures//fits_generative_model/all_fits//fits_dn.matched.2011.compare_LAST//simul_fit.N1000.G1.s24.matched.2011.Rds
[1] "SignatureToolsLib"
[1] "SigProfiler"
/orfeo/cephfs/scratch/cdslab/ebusca00/signatures//fits_generative_model/all_fits//fits_dn.matched.2011.compare_LAST//simul_fit.N1000.G1.s20.matched.2011.Rds
[1] "SparseSignatures"
/orfeo/cephfs/scratch/cdslab/ebusca00/signatures//fits_generative_model/all_fits//fits_dn.matched.2011.compare_LAST//simul_fit.N1000.G1.s21.matched.2011.Rds
/orfeo/cephfs/scratch/cdslab/ebusca00/signatures//fits_generative_model/all_fits//fits_dn.matched.2011.compare_LAST//simul_fit.N1000.G1.s2.matched.2011.Rds
[1] "SparseSignatures"
[1] "BASCULE"
[1] "SignatureToolsLib"
[1] "SigProfiler"
/orfeo/cephfs/scratch/cdslab/ebusca00/signatures//fits_generative_model/all_fits//fits_dn.matched.2011.compare_LAST//simul_fit.N1000.G1.s25.matched.2011.Rds
[1] "SignatureToolsLib"
[1] "BASCULE"
[1] "BASCULE"
[1] "BASCULE"
[1] "SparseSignatures"
/orfeo/cephfs/scratch/cdslab/ebusca00/signatures//fits_generative_model/all_fits//fits_dn.matched.2011.compare_LAST//simul_fit.N1000.G1.s23.matched.2011.Rds
[1] "SignatureToolsLib"
[1] "BASCULE"
/orfeo/cephfs/scratch/cdslab/ebusca00/signatures//fits_generative_model/all_fits//fits_dn.matched.2011.compare_LAST//simul_fit.N1000.G1.s22.matched.2011.Rds
[1] "SigProfiler"
[1] "BASCULE"
[1] "SparseSignatures"
[1] "BASCULE"
[1] "SigProfiler"
[1] "SigProfiler"
/orfeo/cephfs/scratch/cdslab/ebusca00/signatures//fits_generative_model/all_fits//fits_dn.matched.2011.compare_LAST//simul_fit.N1000.G1.s27.matched.2011.Rds
[1] "SignatureToolsLib"
[1] "SparseSignatures"
[1] "SparseSignatures"
[1] "SigProfiler"
[1] "SignatureToolsLib"
[1] "SignatureToolsLib"
[1] "SigProfiler"
[1] "BASCULE"
[1] "SparseSignatures"
[1] "SparseSignatures"
/orfeo/cephfs/scratch/cdslab/ebusca00/signatures//fits_generative_model/all_fits//fits_dn.matched.2011.compare_LAST//simul_fit.N1000.G1.s26.matched.2011.Rds
[1] "SigProfiler"
[1] "SignatureToolsLib"
[1] "SignatureToolsLib"
/orfeo/cephfs/scratch/cdslab/ebusca00/signatures//fits_generative_model/all_fits//fits_dn.matched.2011.compare_LAST//simul_fit.N1000.G1.s28.matched.2011.Rds
[1] "SigProfiler"
/orfeo/cephfs/scratch/cdslab/ebusca00/signatures//fits_generative_model/all_fits//fits_dn.matched.2011.compare_LAST//simul_fit.N1000.G1.s3.matched.2011.Rds
[1] "SparseSignatures"
[1] "SigProfiler"
[1][1] "BASCULE" "SparseSignatures"

[1] "SignatureToolsLib"
[1] "BASCULE"
[1] "BASCULE"
[1] "SparseSignatures"
/orfeo/cephfs/scratch/cdslab/ebusca00/signatures//fits_generative_model/all_fits//fits_dn.matched.2011.compare_LAST//simul_fit.N1000.G1.s29.matched.2011.Rds
[1] "SignatureToolsLib"
/orfeo/cephfs/scratch/cdslab/ebusca00/signatures//fits_generative_model/all_fits//fits_dn.matched.2011.compare_LAST//simul_fit.N1000.G1.s5.matched.2011.Rds
[1] "SignatureToolsLib"
[1] "BASCULE"
[1] "SigProfiler"
/orfeo/cephfs/scratch/cdslab/ebusca00/signatures//fits_generative_model/all_fits//fits_dn.matched.2011.compare_LAST//simul_fit.N1000.G1.s6.matched.2011.Rds
/orfeo/cephfs/scratch/cdslab/ebusca00/signatures//fits_generative_model/all_fits//fits_dn.matched.2011.compare_LAST//simul_fit.N1000.G1.s30.matched.2011.Rds
[1] "BASCULE"
[1] "SparseSignatures"
/orfeo/cephfs/scratch/cdslab/ebusca00/signatures//fits_generative_model/all_fits//fits_dn.matched.2011.compare_LAST//simul_fit.N1000.G1.s4.matched.2011.Rds
[1] "SignatureToolsLib"
[1] "BASCULE"
[1] "BASCULE"
[1] "BASCULE"
[1] "SigProfiler"
[1] "SigProfiler"
[1][1] "SparseSignatures"/orfeo/cephfs/scratch/cdslab/ebusca00/signatures//fits_generative_model/all_fits//fits_dn.matched.2011.compare_LAST//simul_fit.N1000.G1.s8.matched.2011.Rds
 "SigProfiler"

[1] "SparseSignatures"
[1] "SparseSignatures"
[1] "SignatureToolsLib"
[1] "SignatureToolsLib"
[1] "SigProfiler"
[1] "BASCULE"
[1] "SigProfiler"[1]
 "SignatureToolsLib"
[1] "SparseSignatures"
[1] "SparseSignatures"
[1] "SigProfiler"
/orfeo/cephfs/scratch/cdslab/ebusca00/signatures//fits_generative_model/all_fits//fits_dn.matched.2011.compare_LAST//simul_fit.N1000.G1.s7.matched.2011.Rds
[1] "SignatureToolsLib"
/orfeo/cephfs/scratch/cdslab/ebusca00/signatures//fits_generative_model/all_fits//fits_dn.matched.2011.compare_LAST//simul_fit.N1000.G3.s10.matched.2011.Rds
[1] "SignatureToolsLib"[1]
 "SigProfiler"
/orfeo/cephfs/scratch/cdslab/ebusca00/signatures//fits_generative_model/all_fits//fits_dn.matched.2011.compare_LAST//simul_fit.N1000.G1.s9.matched.2011.Rds
[1] "SparseSignatures"
[1] "SparseSignatures"
[1] "BASCULE"
[1] "SigProfiler"
[1] "SignatureToolsLib"
[1]/orfeo/cephfs/scratch/cdslab/ebusca00/signatures//fits_generative_model/all_fits//fits_dn.matched.2011.compare_LAST//simul_fit.N1000.G3.s11.matched.2011.Rds
 "SignatureToolsLib"
[1] "BASCULE"
/orfeo/cephfs/scratch/cdslab/ebusca00/signatures//fits_generative_model/all_fits//fits_dn.matched.2011.compare_LAST//simul_fit.N1000.G3.s1.matched.2011.Rds
[1] "SparseSignatures"
[1] "BASCULE"
[1] "SignatureToolsLib"
/orfeo/cephfs/scratch/cdslab/ebusca00/signatures//fits_generative_model/all_fits//fits_dn.matched.2011.compare_LAST//simul_fit.N1000.G3.s13.matched.2011.Rds
[1] "SigProfiler"
/orfeo/cephfs/scratch/cdslab/ebusca00/signatures//fits_generative_model/all_fits//fits_dn.matched.2011.compare_LAST//simul_fit.N1000.G3.s14.matched.2011.Rds
[1] "BASCULE"
[1] "SparseSignatures"
[1] "BASCULE"
[1] "SignatureToolsLib"
/orfeo/cephfs/scratch/cdslab/ebusca00/signatures//fits_generative_model/all_fits//fits_dn.matched.2011.compare_LAST//simul_fit.N1000.G3.s12.matched.2011.Rds
[1] "BASCULE"
[1] "BASCULE"
[1] "SigProfiler"
/orfeo/cephfs/scratch/cdslab/ebusca00/signatures//fits_generative_model/all_fits//fits_dn.matched.2011.compare_LAST//simul_fit.N1000.G3.s16.matched.2011.Rds
[1] "BASCULE"
[1] "SigProfiler"
[1] "SparseSignatures"
[1] "SparseSignatures"
[1] "SignatureToolsLib"
[1] "BASCULE"
[1] "SignatureToolsLib"
[1] "SigProfiler"
[1] "SparseSignatures"
/orfeo/cephfs/scratch/cdslab/ebusca00/signatures//fits_generative_model/all_fits//fits_dn.matched.2011.compare_LAST//simul_fit.N1000.G3.s15.matched.2011.Rds
/orfeo/cephfs/scratch/cdslab/ebusca00/signatures//fits_generative_model/all_fits//fits_dn.matched.2011.compare_LAST//simul_fit.N1000.G3.s17.matched.2011.Rds
[1] "SignatureToolsLib"
[1] "BASCULE"
[1] "BASCULE"
/orfeo/cephfs/scratch/cdslab/ebusca00/signatures//fits_generative_model/all_fits//fits_dn.matched.2011.compare_LAST//simul_fit.N1000.G3.s18.matched.2011.Rds
[1] "BASCULE"
Kmeans done.
Found more than one class "kcca" in cache; using the first, from namespace 'flexclust'
Also defined by ‘kernlab’
Found more than one class "kcca" in cache; using the first, from namespace 'flexclust'
Also defined by ‘kernlab’
Kmeans done.
Kmeans done.
Found more than one class "kcca" in cache; using the first, from namespace 'flexclust'
Also defined by ‘kernlab’
Found more than one class "kcca" in cache; using the first, from namespace 'flexclust'
Also defined by ‘kernlab’
Kmeans done.
Found more than one class "kcca" in cache; using the first, from namespace 'flexclust'
Also defined by ‘kernlab’
Found more than one class "kcca" in cache; using the first, from namespace 'flexclust'
Also defined by ‘kernlab’
Kmeans done.
Found more than one class "kcca" in cache; using the first, from namespace 'flexclust'
Also defined by ‘kernlab’
Found more than one class "kcca" in cache; using the first, from namespace 'flexclust'
Also defined by ‘kernlab’
Kmeans done.
Found more than one class "kcca" in cache; using the first, from namespace 'flexclust'
Also defined by ‘kernlab’
Found more than one class "kcca" in cache; using the first, from namespace 'flexclust'
Also defined by ‘kernlab’
Found more than one class "kcca" in cache; using the first, from namespace 'flexclust'
Also defined by ‘kernlab’
Found more than one class "kcca" in cache; using the first, from namespace 'flexclust'
Also defined by ‘kernlab’
Kmeans done.
Kmeans done.
Found more than one class "kcca" in cache; using the first, from namespace 'flexclust'
Also defined by ‘kernlab’
Found more than one class "kcca" in cache; using the first, from namespace 'flexclust'
Also defined by ‘kernlab’
Found more than one class "kcca" in cache; using the first, from namespace 'flexclust'
Also defined by ‘kernlab’
Found more than one class "kcca" in cache; using the first, from namespace 'flexclust'
Also defined by ‘kernlab’
Kmeans done.
Found more than one class "kcca" in cache; using the first, from namespace 'flexclust'
Also defined by ‘kernlab’
Found more than one class "kcca" in cache; using the first, from namespace 'flexclust'
Also defined by ‘kernlab’
KL-Kmeans done.
KL-Kmeans done.
KL-Kmeans done.
KL-Kmeans done.
KL-Kmeans done.
KL-Kmeans done.
KL-Kmeans done.
KL-Kmeans done.
KL-Kmeans done.
Spectral clustering done.
[1] "SigProfiler"
[1] "SparseSignatures"
[1] "SignatureToolsLib"
/orfeo/cephfs/scratch/cdslab/ebusca00/signatures//fits_generative_model/all_fits//fits_dn.matched.2011.compare_LAST//simul_fit.N1000.G3.s20.matched.2011.Rds
[1] "BASCULE"
Kmeans done.
Spectral clustering done.
[1] "SigProfiler"
[1] "SparseSignatures"
[1] "SignatureToolsLib"
/orfeo/cephfs/scratch/cdslab/ebusca00/signatures//fits_generative_model/all_fits//fits_dn.matched.2011.compare_LAST//simul_fit.N1000.G3.s21.matched.2011.Rds
[1] "BASCULE"
Kmeans done.
Spectral clustering done.
[1] "SigProfiler"
[1] "SparseSignatures"
[1] "SignatureToolsLib"
/orfeo/cephfs/scratch/cdslab/ebusca00/signatures//fits_generative_model/all_fits//fits_dn.matched.2011.compare_LAST//simul_fit.N1000.G3.s24.matched.2011.Rds
[1] "BASCULE"
Kmeans done.
Spectral clustering done.
[1] "SigProfiler"
[1] "SparseSignatures"
[1] "SignatureToolsLib"
/orfeo/cephfs/scratch/cdslab/ebusca00/signatures//fits_generative_model/all_fits//fits_dn.matched.2011.compare_LAST//simul_fit.N1000.G3.s2.matched.2011.Rds
[1] "BASCULE"
Kmeans done.
Spectral clustering done.
Spectral clustering done.
[1] "SigProfiler"
[1] "SigProfiler"
[1] "SparseSignatures"
[1] "SparseSignatures"
[1] "SignatureToolsLib"
[1] "SignatureToolsLib"
/orfeo/cephfs/scratch/cdslab/ebusca00/signatures//fits_generative_model/all_fits//fits_dn.matched.2011.compare_LAST//simul_fit.N1000.G3.s25.matched.2011.Rds
/orfeo/cephfs/scratch/cdslab/ebusca00/signatures//fits_generative_model/all_fits//fits_dn.matched.2011.compare_LAST//simul_fit.N1000.G3.s22.matched.2011.Rds
[1] "BASCULE"
[1] "BASCULE"
Spectral clustering done.
Kmeans done.
Kmeans done.
[1] "SigProfiler"
[1] "SparseSignatures"
[1] "SignatureToolsLib"
/orfeo/cephfs/scratch/cdslab/ebusca00/signatures//fits_generative_model/all_fits//fits_dn.matched.2011.compare_LAST//simul_fit.N1000.G3.s23.matched.2011.Rds
[1] "BASCULE"
Kmeans done.
Spectral clustering done.
[1] "SigProfiler"
[1] "SparseSignatures"
[1] "SignatureToolsLib"
/orfeo/cephfs/scratch/cdslab/ebusca00/signatures//fits_generative_model/all_fits//fits_dn.matched.2011.compare_LAST//simul_fit.N1000.G3.s26.matched.2011.Rds
[1] "BASCULE"
Kmeans done.
Spectral clustering done.
[1] "SigProfiler"
[1] "SparseSignatures"
[1] "SignatureToolsLib"
/orfeo/cephfs/scratch/cdslab/ebusca00/signatures//fits_generative_model/all_fits//fits_dn.matched.2011.compare_LAST//simul_fit.N1000.G3.s19.matched.2011.Rds
[1] "BASCULE"
Kmeans done.
KL-Kmeans done.
KL-Kmeans done.
KL-Kmeans done.
KL-Kmeans done.
KL-Kmeans done.
KL-Kmeans done.
KL-Kmeans done.
KL-Kmeans done.
KL-Kmeans done.
Spectral clustering done.
[1] "SigProfiler"
[1] "SparseSignatures"
[1] "SignatureToolsLib"
/orfeo/cephfs/scratch/cdslab/ebusca00/signatures//fits_generative_model/all_fits//fits_dn.matched.2011.compare_LAST//simul_fit.N1000.G3.s28.matched.2011.Rds
[1] "BASCULE"
Kmeans done.
Spectral clustering done.
[1] "SigProfiler"
[1] "SparseSignatures"
[1] "SignatureToolsLib"
/orfeo/cephfs/scratch/cdslab/ebusca00/signatures//fits_generative_model/all_fits//fits_dn.matched.2011.compare_LAST//simul_fit.N1000.G3.s3.matched.2011.Rds
[1] "BASCULE"
Kmeans done.
Spectral clustering done.
[1] "SigProfiler"
[1] "SparseSignatures"
[1] "SignatureToolsLib"
/orfeo/cephfs/scratch/cdslab/ebusca00/signatures//fits_generative_model/all_fits//fits_dn.matched.2011.compare_LAST//simul_fit.N1000.G3.s30.matched.2011.Rds
[1] "BASCULE"
Spectral clustering done.
[1] "SigProfiler"
[1] "SparseSignatures"
[1] "SignatureToolsLib"
/orfeo/cephfs/scratch/cdslab/ebusca00/signatures//fits_generative_model/all_fits//fits_dn.matched.2011.compare_LAST//simul_fit.N1000.G3.s5.matched.2011.Rds
Kmeans done.
[1] "BASCULE"
Spectral clustering done.
[1] "SigProfiler"
[1] "SparseSignatures"
Kmeans done.
[1] "SignatureToolsLib"
/orfeo/cephfs/scratch/cdslab/ebusca00/signatures//fits_generative_model/all_fits//fits_dn.matched.2011.compare_LAST//simul_fit.N1000.G3.s29.matched.2011.Rds
[1] "BASCULE"
Kmeans done.
Spectral clustering done.
[1] "SigProfiler"
[1] "SparseSignatures"
[1] "SignatureToolsLib"
/orfeo/cephfs/scratch/cdslab/ebusca00/signatures//fits_generative_model/all_fits//fits_dn.matched.2011.compare_LAST//simul_fit.N1000.G3.s6.matched.2011.Rds
[1] "BASCULE"
Kmeans done.
Spectral clustering done.
[1] "SigProfiler"
[1] "SparseSignatures"
[1] "SignatureToolsLib"
/orfeo/cephfs/scratch/cdslab/ebusca00/signatures//fits_generative_model/all_fits//fits_dn.matched.2011.compare_LAST//simul_fit.N1000.G3.s4.matched.2011.Rds
[1] "BASCULE"
Kmeans done.
Spectral clustering done.
[1] "SigProfiler"
[1] "SparseSignatures"
[1] "SignatureToolsLib"
/orfeo/cephfs/scratch/cdslab/ebusca00/signatures//fits_generative_model/all_fits//fits_dn.matched.2011.compare_LAST//simul_fit.N1000.G3.s27.matched.2011.Rds
[1] "BASCULE"
KL-Kmeans done.
Kmeans done.
Spectral clustering done.
[1] "SigProfiler"
[1] "SparseSignatures"
[1] "SignatureToolsLib"
/orfeo/cephfs/scratch/cdslab/ebusca00/signatures//fits_generative_model/all_fits//fits_dn.matched.2011.compare_LAST//simul_fit.N1000.G3.s7.matched.2011.Rds
[1] "BASCULE"
KL-Kmeans done.
Kmeans done.
KL-Kmeans done.
KL-Kmeans done.
KL-Kmeans done.
KL-Kmeans done.
KL-Kmeans done.
KL-Kmeans done.
Spectral clustering done.
[1] "SigProfiler"
[1] "SparseSignatures"
[1] "SignatureToolsLib"
/orfeo/cephfs/scratch/cdslab/ebusca00/signatures//fits_generative_model/all_fits//fits_dn.matched.2011.compare_LAST//simul_fit.N1000.G3.s9.matched.2011.Rds
[1] "BASCULE"
Kmeans done.
KL-Kmeans done.
Spectral clustering done.
[1] "SigProfiler"
[1] "SparseSignatures"
[1] "SignatureToolsLib"
/orfeo/cephfs/scratch/cdslab/ebusca00/signatures//fits_generative_model/all_fits//fits_dn.matched.2011.compare_LAST//simul_fit.N1000.G6.s13.matched.2011.Rds
[1] "BASCULE"
Kmeans done.
Spectral clustering done.
[1] "SigProfiler"
[1] "SparseSignatures"
[1] "SignatureToolsLib"
/orfeo/cephfs/scratch/cdslab/ebusca00/signatures//fits_generative_model/all_fits//fits_dn.matched.2011.compare_LAST//simul_fit.N1000.G6.s10.matched.2011.Rds
[1] "BASCULE"
Spectral clustering done.
[1] "SigProfiler"
[1] "SparseSignatures"
[1] "SignatureToolsLib"
/orfeo/cephfs/scratch/cdslab/ebusca00/signatures//fits_generative_model/all_fits//fits_dn.matched.2011.compare_LAST//simul_fit.N1000.G6.s11.matched.2011.Rds
[1] "BASCULE"
Kmeans done.
Kmeans done.
Spectral clustering done.
[1] "SigProfiler"
[1] "SparseSignatures"
[1] "SignatureToolsLib"
/orfeo/cephfs/scratch/cdslab/ebusca00/signatures//fits_generative_model/all_fits//fits_dn.matched.2011.compare_LAST//simul_fit.N1000.G6.s14.matched.2011.Rds
[1] "BASCULE"
KL-Kmeans done.
Spectral clustering done.
[1] "SigProfiler"
[1] "SparseSignatures"
[1] "SignatureToolsLib"
/orfeo/cephfs/scratch/cdslab/ebusca00/signatures//fits_generative_model/all_fits//fits_dn.matched.2011.compare_LAST//simul_fit.N1000.G6.s1.matched.2011.Rds
[1] "BASCULE"
Kmeans done.
Kmeans done.
Spectral clustering done.
[1] "SigProfiler"
[1] "SparseSignatures"
[1] "SignatureToolsLib"
/orfeo/cephfs/scratch/cdslab/ebusca00/signatures//fits_generative_model/all_fits//fits_dn.matched.2011.compare_LAST//simul_fit.N1000.G6.s12.matched.2011.Rds
[1] "BASCULE"
Spectral clustering done.
[1] "SigProfiler"
[1] "SparseSignatures"
[1] "SignatureToolsLib"
/orfeo/cephfs/scratch/cdslab/ebusca00/signatures//fits_generative_model/all_fits//fits_dn.matched.2011.compare_LAST//simul_fit.N1000.G3.s8.matched.2011.Rds
Kmeans done.
[1] "BASCULE"
Kmeans done.
Spectral clustering done.
[1] "SigProfiler"
[1] "SparseSignatures"
[1] "SignatureToolsLib"
/orfeo/cephfs/scratch/cdslab/ebusca00/signatures//fits_generative_model/all_fits//fits_dn.matched.2011.compare_LAST//simul_fit.N1000.G6.s15.matched.2011.Rds
[1] "BASCULE"
Kmeans done.
Spectral clustering done.
[1] "SigProfiler"
[1] "SparseSignatures"
[1] "SignatureToolsLib"
/orfeo/cephfs/scratch/cdslab/ebusca00/signatures//fits_generative_model/all_fits//fits_dn.matched.2011.compare_LAST//simul_fit.N1000.G6.s17.matched.2011.Rds
[1] "BASCULE"
Kmeans done.
KL-Kmeans done.
Spectral clustering done.
[1] "SigProfiler"
[1] "SparseSignatures"
[1] "SignatureToolsLib"
/orfeo/cephfs/scratch/cdslab/ebusca00/signatures//fits_generative_model/all_fits//fits_dn.matched.2011.compare_LAST//simul_fit.N1000.G6.s16.matched.2011.Rds
[1] "BASCULE"
Kmeans done.
KL-Kmeans done.
KL-Kmeans done.
KL-Kmeans done.
KL-Kmeans done.
KL-Kmeans done.
KL-Kmeans done.
KL-Kmeans done.
Spectral clustering done.
[1] "SigProfiler"
[1] "SparseSignatures"
[1] "SignatureToolsLib"
/orfeo/cephfs/scratch/cdslab/ebusca00/signatures//fits_generative_model/all_fits//fits_dn.matched.2011.compare_LAST//simul_fit.N1000.G6.s21.matched.2011.Rds
[1] "BASCULE"
Kmeans done.
KL-Kmeans done.
Spectral clustering done.
[1] "SigProfiler"
[1] "SparseSignatures"
[1] "SignatureToolsLib"
/orfeo/cephfs/scratch/cdslab/ebusca00/signatures//fits_generative_model/all_fits//fits_dn.matched.2011.compare_LAST//simul_fit.N1000.G6.s19.matched.2011.Rds
[1] "BASCULE"
Kmeans done.
Spectral clustering done.
[1] "SigProfiler"
[1] "SparseSignatures"
[1] "SignatureToolsLib"
/orfeo/cephfs/scratch/cdslab/ebusca00/signatures//fits_generative_model/all_fits//fits_dn.matched.2011.compare_LAST//simul_fit.N1000.G6.s2.matched.2011.Rds
[1] "BASCULE"
Spectral clustering done.
[1] "SigProfiler"
[1] "SparseSignatures"
[1] "SignatureToolsLib"
/orfeo/cephfs/scratch/cdslab/ebusca00/signatures//fits_generative_model/all_fits//fits_dn.matched.2011.compare_LAST//simul_fit.N1000.G6.s20.matched.2011.Rds
[1] "BASCULE"
Kmeans done.
Kmeans done.
Spectral clustering done.
[1] "SigProfiler"
[1] "SparseSignatures"
[1] "SignatureToolsLib"
/orfeo/cephfs/scratch/cdslab/ebusca00/signatures//fits_generative_model/all_fits//fits_dn.matched.2011.compare_LAST//simul_fit.N1000.G6.s18.matched.2011.Rds
[1] "BASCULE"
Kmeans done.
KL-Kmeans done.
Spectral clustering done.
[1] "SigProfiler"
[1] "SparseSignatures"
[1] "SignatureToolsLib"
/orfeo/cephfs/scratch/cdslab/ebusca00/signatures//fits_generative_model/all_fits//fits_dn.matched.2011.compare_LAST//simul_fit.N1000.G6.s25.matched.2011.Rds
[1] "BASCULE"
Kmeans done.
Spectral clustering done.
[1] "SigProfiler"
[1] "SparseSignatures"
[1] "SignatureToolsLib"
/orfeo/cephfs/scratch/cdslab/ebusca00/signatures//fits_generative_model/all_fits//fits_dn.matched.2011.compare_LAST//simul_fit.N1000.G6.s22.matched.2011.Rds
[1] "BASCULE"
Spectral clustering done.
[1] "SigProfiler"
[1] "SparseSignatures"
[1] "SignatureToolsLib"
/orfeo/cephfs/scratch/cdslab/ebusca00/signatures//fits_generative_model/all_fits//fits_dn.matched.2011.compare_LAST//simul_fit.N1000.G6.s23.matched.2011.Rds
[1] "BASCULE"
Kmeans done.
Kmeans done.
Spectral clustering done.
[1] "SigProfiler"
[1] "SparseSignatures"
[1] "SignatureToolsLib"
/orfeo/cephfs/scratch/cdslab/ebusca00/signatures//fits_generative_model/all_fits//fits_dn.matched.2011.compare_LAST//simul_fit.N1000.G6.s24.matched.2011.Rds
[1] "BASCULE"
Kmeans done.
KL-Kmeans done.
KL-Kmeans done.
KL-Kmeans done.
KL-Kmeans done.
KL-Kmeans done.
KL-Kmeans done.
KL-Kmeans done.
Spectral clustering done.
[1] "SigProfiler"
[1] "SparseSignatures"
[1] "SignatureToolsLib"
/orfeo/cephfs/scratch/cdslab/ebusca00/signatures//fits_generative_model/all_fits//fits_dn.matched.2011.compare_LAST//simul_fit.N1000.G6.s3.matched.2011.Rds
[1] "BASCULE"
Spectral clustering done.
[1] "SigProfiler"
[1] "SparseSignatures"
[1] "SignatureToolsLib"
/orfeo/cephfs/scratch/cdslab/ebusca00/signatures//fits_generative_model/all_fits//fits_dn.matched.2011.compare_LAST//simul_fit.N1000.G6.s27.matched.2011.Rds
[1] "BASCULE"
Kmeans done.
Kmeans done.
KL-Kmeans done.
Spectral clustering done.
[1] "SigProfiler"
[1] "SparseSignatures"
[1] "SignatureToolsLib"
/orfeo/cephfs/scratch/cdslab/ebusca00/signatures//fits_generative_model/all_fits//fits_dn.matched.2011.compare_LAST//simul_fit.N1000.G6.s29.matched.2011.Rds
[1] "BASCULE"
Kmeans done.
Spectral clustering done.
[1] "SigProfiler"
[1] "SparseSignatures"
[1] "SignatureToolsLib"
/orfeo/cephfs/scratch/cdslab/ebusca00/signatures//fits_generative_model/all_fits//fits_dn.matched.2011.compare_LAST//simul_fit.N1000.G6.s26.matched.2011.Rds
[1] "BASCULE"
Kmeans done.
Spectral clustering done.
[1] "SigProfiler"
[1] "SparseSignatures"
[1] "SignatureToolsLib"
/orfeo/cephfs/scratch/cdslab/ebusca00/signatures//fits_generative_model/all_fits//fits_dn.matched.2011.compare_LAST//simul_fit.N1000.G6.s28.matched.2011.Rds
[1] "BASCULE"
Kmeans done.
KL-Kmeans done.
Spectral clustering done.
[1] "SigProfiler"
[1] "SparseSignatures"
[1] "SignatureToolsLib"
/orfeo/cephfs/scratch/cdslab/ebusca00/signatures//fits_generative_model/all_fits//fits_dn.matched.2011.compare_LAST//simul_fit.N1000.G6.s4.matched.2011.Rds
[1] "BASCULE"
Spectral clustering done.
[1] "SigProfiler"
[1] "SparseSignatures"
[1] "SignatureToolsLib"
/orfeo/cephfs/scratch/cdslab/ebusca00/signatures//fits_generative_model/all_fits//fits_dn.matched.2011.compare_LAST//simul_fit.N1000.G6.s6.matched.2011.Rds
[1] "BASCULE"
Kmeans done.
Kmeans done.
Spectral clustering done.
[1] "SigProfiler"
[1] "SparseSignatures"
[1] "SignatureToolsLib"
/orfeo/cephfs/scratch/cdslab/ebusca00/signatures//fits_generative_model/all_fits//fits_dn.matched.2011.compare_LAST//simul_fit.N1000.G6.s30.matched.2011.Rds
[1] "BASCULE"
Kmeans done.
KL-Kmeans done.
Spectral clustering done.
[1] "SigProfiler"
[1] "SparseSignatures"
[1] "SignatureToolsLib"
/orfeo/cephfs/scratch/cdslab/ebusca00/signatures//fits_generative_model/all_fits//fits_dn.matched.2011.compare_LAST//simul_fit.N1000.G6.s5.matched.2011.Rds
[1] "BASCULE"
KL-Kmeans done.
Kmeans done.
KL-Kmeans done.
Spectral clustering done.
[1] "SigProfiler"
[1] "SparseSignatures"
[1] "SignatureToolsLib"
/orfeo/cephfs/scratch/cdslab/ebusca00/signatures//fits_generative_model/all_fits//fits_dn.matched.2011.compare_LAST//simul_fit.N1000.G6.s8.matched.2011.Rds
[1] "BASCULE"
Kmeans done.
KL-Kmeans done.
KL-Kmeans done.
KL-Kmeans done.
KL-Kmeans done.
Spectral clustering done.
[1] "SigProfiler"
[1] "SparseSignatures"
[1] "SignatureToolsLib"
/orfeo/cephfs/scratch/cdslab/ebusca00/signatures//fits_generative_model/all_fits//fits_dn.matched.2011.compare_LAST//simul_fit.N150.G1.s1.matched.2011.Rds
[1] "BASCULE"
Kmeans done.
KL-Kmeans done.
Spectral clustering done.
[1] "SigProfiler"
[1] "SparseSignatures"
[1] "SignatureToolsLib"
/orfeo/cephfs/scratch/cdslab/ebusca00/signatures//fits_generative_model/all_fits//fits_dn.matched.2011.compare_LAST//simul_fit.N150.G1.s18.matched.2011.Rds
[1] "BASCULE"
Kmeans done.
KL-Kmeans done.
Spectral clustering done.
[1] "SigProfiler"
[1] "SparseSignatures"
[1] "SignatureToolsLib"
/orfeo/cephfs/scratch/cdslab/ebusca00/signatures//fits_generative_model/all_fits//fits_dn.matched.2011.compare_LAST//simul_fit.N150.G1.s26.matched.2011.Rds
[1] "BASCULE"
Kmeans done.
KL-Kmeans done.
Spectral clustering done.
[1] "SigProfiler"
[1] "SparseSignatures"
[1] "SignatureToolsLib"
/orfeo/cephfs/scratch/cdslab/ebusca00/signatures//fits_generative_model/all_fits//fits_dn.matched.2011.compare_LAST//simul_fit.N150.G1.s7.matched.2011.Rds
[1] "BASCULE"
Kmeans done.
KL-Kmeans done.
Spectral clustering done.
[1] "SigProfiler"
[1] "SparseSignatures"
[1] "SignatureToolsLib"
/orfeo/cephfs/scratch/cdslab/ebusca00/signatures//fits_generative_model/all_fits//fits_dn.matched.2011.compare_LAST//simul_fit.N150.G3.s15.matched.2011.Rds
[1] "BASCULE"
Kmeans done.
KL-Kmeans done.
Spectral clustering done.
[1] "SigProfiler"
[1] "SparseSignatures"
[1] "SignatureToolsLib"
/orfeo/cephfs/scratch/cdslab/ebusca00/signatures//fits_generative_model/all_fits//fits_dn.matched.2011.compare_LAST//simul_fit.N150.G3.s23.matched.2011.Rds
[1] "BASCULE"
Kmeans done.
KL-Kmeans done.
Spectral clustering done.
[1] "SigProfiler"
[1] "SparseSignatures"
[1] "SignatureToolsLib"
/orfeo/cephfs/scratch/cdslab/ebusca00/signatures//fits_generative_model/all_fits//fits_dn.matched.2011.compare_LAST//simul_fit.N150.G3.s4.matched.2011.Rds
[1] "BASCULE"
Kmeans done.
KL-Kmeans done.
KL-Kmeans done.
Spectral clustering done.
[1] "SigProfiler"
[1] "SparseSignatures"
[1] "SignatureToolsLib"
/orfeo/cephfs/scratch/cdslab/ebusca00/signatures//fits_generative_model/all_fits//fits_dn.matched.2011.compare_LAST//simul_fit.N150.G6.s12.matched.2011.Rds
[1] "BASCULE"
Kmeans done.
Spectral clustering done.
[1] "SigProfiler"
[1] "SparseSignatures"
[1] "SignatureToolsLib"
/orfeo/cephfs/scratch/cdslab/ebusca00/signatures//fits_generative_model/all_fits//fits_dn.matched.2011.compare_LAST//simul_fit.N150.G1.s10.matched.2011.Rds
[1] "BASCULE"
Kmeans done.
KL-Kmeans done.
Spectral clustering done.
[1] "SigProfiler"
[1] "SparseSignatures"
[1] "SignatureToolsLib"
/orfeo/cephfs/scratch/cdslab/ebusca00/signatures//fits_generative_model/all_fits//fits_dn.matched.2011.compare_LAST//simul_fit.N150.G1.s19.matched.2011.Rds
[1] "BASCULE"
Kmeans done.
KL-Kmeans done.
Spectral clustering done.
[1] "SigProfiler"
[1] "SparseSignatures"
[1] "SignatureToolsLib"
/orfeo/cephfs/scratch/cdslab/ebusca00/signatures//fits_generative_model/all_fits//fits_dn.matched.2011.compare_LAST//simul_fit.N150.G1.s27.matched.2011.Rds
[1] "BASCULE"
Kmeans done.
KL-Kmeans done.
Spectral clustering done.
[1] "SigProfiler"
[1] "SparseSignatures"
[1] "SignatureToolsLib"
/orfeo/cephfs/scratch/cdslab/ebusca00/signatures//fits_generative_model/all_fits//fits_dn.matched.2011.compare_LAST//simul_fit.N150.G1.s8.matched.2011.Rds
[1] "BASCULE"
Kmeans done.
KL-Kmeans done.
Spectral clustering done.
[1] "SigProfiler"
[1] "SparseSignatures"
[1] "SignatureToolsLib"
/orfeo/cephfs/scratch/cdslab/ebusca00/signatures//fits_generative_model/all_fits//fits_dn.matched.2011.compare_LAST//simul_fit.N150.G3.s16.matched.2011.Rds
[1] "BASCULE"
Kmeans done.
KL-Kmeans done.
KL-Kmeans done.
Spectral clustering done.
[1] "SigProfiler"
[1] "SparseSignatures"
[1] "SignatureToolsLib"
/orfeo/cephfs/scratch/cdslab/ebusca00/signatures//fits_generative_model/all_fits//fits_dn.matched.2011.compare_LAST//simul_fit.N150.G3.s24.matched.2011.Rds
[1] "BASCULE"
Kmeans done.
Spectral clustering done.
[1] "SigProfiler"
[1] "SparseSignatures"
[1] "SignatureToolsLib"
/orfeo/cephfs/scratch/cdslab/ebusca00/signatures//fits_generative_model/all_fits//fits_dn.matched.2011.compare_LAST//simul_fit.N150.G6.s20.matched.2011.Rds
[1] "BASCULE"
Kmeans done.
KL-Kmeans done.
Spectral clustering done.
[1] "SigProfiler"
[1] "SparseSignatures"
[1] "SignatureToolsLib"
/orfeo/cephfs/scratch/cdslab/ebusca00/signatures//fits_generative_model/all_fits//fits_dn.matched.2011.compare_LAST//simul_fit.N150.G3.s5.matched.2011.Rds
[1] "BASCULE"
Kmeans done.
KL-Kmeans done.
Spectral clustering done.
[1] "SigProfiler"
[1] "SparseSignatures"
[1] "SignatureToolsLib"
/orfeo/cephfs/scratch/cdslab/ebusca00/signatures//fits_generative_model/all_fits//fits_dn.matched.2011.compare_LAST//simul_fit.N150.G6.s13.matched.2011.Rds
[1] "BASCULE"
Kmeans done.
Spectral clustering done.
[1] "SigProfiler"
[1] "SparseSignatures"
[1] "SignatureToolsLib"
/orfeo/cephfs/scratch/cdslab/ebusca00/signatures//fits_generative_model/all_fits//fits_dn.matched.2011.compare_LAST//simul_fit.N150.G1.s12.matched.2011.Rds
[1] "BASCULE"
Kmeans done.
KL-Kmeans done.
Spectral clustering done.
[1] "SigProfiler"
[1] "SparseSignatures"
[1] "SignatureToolsLib"
/orfeo/cephfs/scratch/cdslab/ebusca00/signatures//fits_generative_model/all_fits//fits_dn.matched.2011.compare_LAST//simul_fit.N150.G1.s20.matched.2011.Rds
[1] "BASCULE"
Kmeans done.
KL-Kmeans done.
Spectral clustering done.
[1] "SigProfiler"
[1] "SparseSignatures"
[1] "SignatureToolsLib"
/orfeo/cephfs/scratch/cdslab/ebusca00/signatures//fits_generative_model/all_fits//fits_dn.matched.2011.compare_LAST//simul_fit.N150.G1.s29.matched.2011.Rds
[1] "BASCULE"
Kmeans done.
KL-Kmeans done.
Spectral clustering done.
[1] "SigProfiler"
[1] "SparseSignatures"
[1] "SignatureToolsLib"
/orfeo/cephfs/scratch/cdslab/ebusca00/signatures//fits_generative_model/all_fits//fits_dn.matched.2011.compare_LAST//simul_fit.N150.G3.s1.matched.2011.Rds
[1] "BASCULE"
Kmeans done.
KL-Kmeans done.
KL-Kmeans done.
Spectral clustering done.
[1] "SigProfiler"
[1] "SparseSignatures"
[1] "SignatureToolsLib"
/orfeo/cephfs/scratch/cdslab/ebusca00/signatures//fits_generative_model/all_fits//fits_dn.matched.2011.compare_LAST//simul_fit.N150.G3.s18.matched.2011.Rds
[1] "BASCULE"
Kmeans done.
Spectral clustering done.
[1] "SigProfiler"
[1] "SparseSignatures"
[1] "SignatureToolsLib"
/orfeo/cephfs/scratch/cdslab/ebusca00/signatures//fits_generative_model/all_fits//fits_dn.matched.2011.compare_LAST//simul_fit.N150.G6.s29.matched.2011.Rds
[1] "BASCULE"
Kmeans done.
KL-Kmeans done.
Spectral clustering done.
[1] "SigProfiler"
[1] "SparseSignatures"
[1] "SignatureToolsLib"
Spectral clustering done.
/orfeo/cephfs/scratch/cdslab/ebusca00/signatures//fits_generative_model/all_fits//fits_dn.matched.2011.compare_LAST//simul_fit.N150.G1.s14.matched.2011.Rds
[1] "BASCULE"
Kmeans done.
[1] "SigProfiler"
[1] "SparseSignatures"
[1] "SignatureToolsLib"
/orfeo/cephfs/scratch/cdslab/ebusca00/signatures//fits_generative_model/all_fits//fits_dn.matched.2011.compare_LAST//simul_fit.N150.G3.s26.matched.2011.Rds
[1] "BASCULE"
KL-Kmeans done.
Kmeans done.
Spectral clustering done.
[1] "SigProfiler"
[1] "SparseSignatures"
[1] "SignatureToolsLib"
/orfeo/cephfs/scratch/cdslab/ebusca00/signatures//fits_generative_model/all_fits//fits_dn.matched.2011.compare_LAST//simul_fit.N150.G1.s22.matched.2011.Rds
[1] "BASCULE"
Kmeans done.
KL-Kmeans done.
Spectral clustering done.
[1] "SigProfiler"
[1] "SparseSignatures"
[1] "SignatureToolsLib"
/orfeo/cephfs/scratch/cdslab/ebusca00/signatures//fits_generative_model/all_fits//fits_dn.matched.2011.compare_LAST//simul_fit.N150.G1.s30.matched.2011.Rds
[1] "BASCULE"
Kmeans done.
KL-Kmeans done.
Spectral clustering done.
[1] "SigProfiler"
[1] "SparseSignatures"
[1] "SignatureToolsLib"
/orfeo/cephfs/scratch/cdslab/ebusca00/signatures//fits_generative_model/all_fits//fits_dn.matched.2011.compare_LAST//simul_fit.N150.G3.s11.matched.2011.Rds
[1] "BASCULE"
Kmeans done.
KL-Kmeans done.
Spectral clustering done.
[1] "SigProfiler"
[1] "SparseSignatures"
[1] "SignatureToolsLib"
/orfeo/cephfs/scratch/cdslab/ebusca00/signatures//fits_generative_model/all_fits//fits_dn.matched.2011.compare_LAST//simul_fit.N150.G3.s7.matched.2011.Rds
[1] "BASCULE"
Kmeans done.
KL-Kmeans done.
KL-Kmeans done.
Spectral clustering done.
[1] "SigProfiler"
[1] "SparseSignatures"
[1] "SignatureToolsLib"
/orfeo/cephfs/scratch/cdslab/ebusca00/signatures//fits_generative_model/all_fits//fits_dn.matched.2011.compare_LAST//simul_fit.N150.G3.s2.matched.2011.Rds
[1] "BASCULE"
KL-Kmeans done.
Kmeans done.
Spectral clustering done.
Spectral clustering done.
[1] "SigProfiler"
[1] "SigProfiler"
[1] "SparseSignatures"
[1] "SignatureToolsLib"
[1] "SparseSignatures"
/orfeo/cephfs/scratch/cdslab/ebusca00/signatures//fits_generative_model/all_fits//fits_dn.matched.2011.compare_LAST//simul_fit.N150.G6.s21.matched.2011.Rds
[1] "SignatureToolsLib"
[1] "BASCULE"
/orfeo/cephfs/scratch/cdslab/ebusca00/signatures//fits_generative_model/all_fits//fits_dn.matched.2011.compare_LAST//simul_fit.N1000.G6.s9.matched.2011.Rds
[1] "BASCULE"
Spectral clustering done.
[1] "SigProfiler"
[1] "SparseSignatures"
[1] "SignatureToolsLib"
KL-Kmeans done.
/orfeo/cephfs/scratch/cdslab/ebusca00/signatures//fits_generative_model/all_fits//fits_dn.matched.2011.compare_LAST//simul_fit.N150.G6.s15.matched.2011.Rds
[1] "BASCULE"
Kmeans done.
Kmeans done.
Spectral clustering done.
[1] "SigProfiler"
[1] "SparseSignatures"
[1] "SignatureToolsLib"
/orfeo/cephfs/scratch/cdslab/ebusca00/signatures//fits_generative_model/all_fits//fits_dn.matched.2011.compare_LAST//simul_fit.N500.G1.s1.matched.2011.Rds
[1] "BASCULE"
KL-Kmeans done.
Spectral clustering done.
Kmeans done.
[1] "SigProfiler"
[1] "SparseSignatures"
[1] "SignatureToolsLib"
/orfeo/cephfs/scratch/cdslab/ebusca00/signatures//fits_generative_model/all_fits//fits_dn.matched.2011.compare_LAST//simul_fit.N1000.G6.s7.matched.2011.Rds
[1] "BASCULE"
Kmeans done.
Spectral clustering done.
[1] "SigProfiler"
[1] "SparseSignatures"
[1] "SignatureToolsLib"
KL-Kmeans done.
/orfeo/cephfs/scratch/cdslab/ebusca00/signatures//fits_generative_model/all_fits//fits_dn.matched.2011.compare_LAST//simul_fit.N150.G3.s28.matched.2011.Rds
[1] "BASCULE"
Kmeans done.
Spectral clustering done.
[1] "SigProfiler"
[1] "SparseSignatures"
[1] "SignatureToolsLib"
/orfeo/cephfs/scratch/cdslab/ebusca00/signatures//fits_generative_model/all_fits//fits_dn.matched.2011.compare_LAST//simul_fit.N500.G1.s18.matched.2011.Rds
KL-Kmeans done.
[1] "BASCULE"
Kmeans done.
Spectral clustering done.
[1] "SigProfiler"
[1] "SparseSignatures"
[1] "SignatureToolsLib"
/orfeo/cephfs/scratch/cdslab/ebusca00/signatures//fits_generative_model/all_fits//fits_dn.matched.2011.compare_LAST//simul_fit.N150.G3.s9.matched.2011.Rds
[1] "BASCULE"
Kmeans done.
Kmeans done.
KL-Kmeans done.
KL-Kmeans done.
KL-Kmeans done.
Spectral clustering done.
[1] "SigProfiler"
[1] "SparseSignatures"
[1] "SignatureToolsLib"
/orfeo/cephfs/scratch/cdslab/ebusca00/signatures//fits_generative_model/all_fits//fits_dn.matched.2011.compare_LAST//simul_fit.N500.G1.s26.matched.2011.Rds
[1] "BASCULE"
Kmeans done.
Spectral clustering done.
[1] "SigProfiler"
[1] "SparseSignatures"
[1] "SignatureToolsLib"
/orfeo/cephfs/scratch/cdslab/ebusca00/signatures//fits_generative_model/all_fits//fits_dn.matched.2011.compare_LAST//simul_fit.N150.G6.s17.matched.2011.Rds
[1] "BASCULE"
KL-Kmeans done.
Kmeans done.
Spectral clustering done.
[1] "SigProfiler"
[1] "SparseSignatures"
[1] "SignatureToolsLib"
/orfeo/cephfs/scratch/cdslab/ebusca00/signatures//fits_generative_model/all_fits//fits_dn.matched.2011.compare_LAST//simul_fit.N150.G6.s23.matched.2011.Rds
[1] "BASCULE"
Kmeans done.
KL-Kmeans done.
Spectral clustering done.
[1] "SigProfiler"
[1] "SparseSignatures"
[1] "SignatureToolsLib"
/orfeo/cephfs/scratch/cdslab/ebusca00/signatures//fits_generative_model/all_fits//fits_dn.matched.2011.compare_LAST//simul_fit.N500.G1.s7.matched.2011.Rds
[1] "BASCULE"
Kmeans done.
Spectral clustering done.
[1] "SigProfiler"
[1] "SparseSignatures"
[1] "SignatureToolsLib"
/orfeo/cephfs/scratch/cdslab/ebusca00/signatures//fits_generative_model/all_fits//fits_dn.matched.2011.compare_LAST//simul_fit.N150.G6.s3.matched.2011.Rds
KL-Kmeans done.
[1] "BASCULE"
Kmeans done.
Spectral clustering done.
[1] "SigProfiler"
[1] "SparseSignatures"
[1] "SignatureToolsLib"
/orfeo/cephfs/scratch/cdslab/ebusca00/signatures//fits_generative_model/all_fits//fits_dn.matched.2011.compare_LAST//simul_fit.N500.G3.s15.matched.2011.Rds
[1] "BASCULE"
Kmeans done.
KL-Kmeans done.
KL-Kmeans done.
KL-Kmeans done.
Spectral clustering done.
[1] "SigProfiler"
[1] "SparseSignatures"
[1] "SignatureToolsLib"
/orfeo/cephfs/scratch/cdslab/ebusca00/signatures//fits_generative_model/all_fits//fits_dn.matched.2011.compare_LAST//simul_fit.N150.G6.s25.matched.2011.Rds
[1] "BASCULE"
Kmeans done.
Spectral clustering done.
[1] "SigProfiler"
[1] "SparseSignatures"
[1] "SignatureToolsLib"
/orfeo/cephfs/scratch/cdslab/ebusca00/signatures//fits_generative_model/all_fits//fits_dn.matched.2011.compare_LAST//simul_fit.N150.G6.s4.matched.2011.Rds
[1] "BASCULE"
Kmeans done.
KL-Kmeans done.
Spectral clustering done.
[1] "SigProfiler"
[1] "SparseSignatures"
[1] "SignatureToolsLib"
/orfeo/cephfs/scratch/cdslab/ebusca00/signatures//fits_generative_model/all_fits//fits_dn.matched.2011.compare_LAST//simul_fit.N500.G1.s10.matched.2011.Rds
[1] "BASCULE"
Kmeans done.
KL-Kmeans done.
KL-Kmeans done.
KL-Kmeans done.
KL-Kmeans done.
Spectral clustering done.
[1] "SigProfiler"
[1] "SparseSignatures"
[1] "SignatureToolsLib"
/orfeo/cephfs/scratch/cdslab/ebusca00/signatures//fits_generative_model/all_fits//fits_dn.matched.2011.compare_LAST//simul_fit.N150.G6.s6.matched.2011.Rds
[1] "BASCULE"
Kmeans done.
Spectral clustering done.
[1] "SigProfiler"
[1] "SparseSignatures"
[1] "SignatureToolsLib"
/orfeo/cephfs/scratch/cdslab/ebusca00/signatures//fits_generative_model/all_fits//fits_dn.matched.2011.compare_LAST//simul_fit.N500.G1.s12.matched.2011.Rds
[1] "BASCULE"
Kmeans done.
Spectral clustering done.
[1] "SigProfiler"
[1] "SparseSignatures"
KL-Kmeans done.
[1] "SignatureToolsLib"
/orfeo/cephfs/scratch/cdslab/ebusca00/signatures//fits_generative_model/all_fits//fits_dn.matched.2011.compare_LAST//simul_fit.N500.G1.s19.matched.2011.Rds
[1] "BASCULE"
Kmeans done.
KL-Kmeans done.
Spectral clustering done.
[1] "SigProfiler"
[1] "SparseSignatures"
[1] "SignatureToolsLib"
/orfeo/cephfs/scratch/cdslab/ebusca00/signatures//fits_generative_model/all_fits//fits_dn.matched.2011.compare_LAST//simul_fit.N500.G1.s20.matched.2011.Rds
[1] "BASCULE"
Kmeans done.
KL-Kmeans done.
Spectral clustering done.
[1] "SigProfiler"
[1] "SparseSignatures"
[1] "SignatureToolsLib"
/orfeo/cephfs/scratch/cdslab/ebusca00/signatures//fits_generative_model/all_fits//fits_dn.matched.2011.compare_LAST//simul_fit.N500.G1.s27.matched.2011.Rds
[1] "BASCULE"
Kmeans done.
Spectral clustering done.
[1] "SigProfiler"
[1] "SparseSignatures"
[1] "SignatureToolsLib"
/orfeo/cephfs/scratch/cdslab/ebusca00/signatures//fits_generative_model/all_fits//fits_dn.matched.2011.compare_LAST//simul_fit.N500.G1.s29.matched.2011.Rds
Spectral clustering done.
[1] "BASCULE"
Kmeans done.
[1] "SigProfiler"
[1] "SparseSignatures"
[1] "SignatureToolsLib"
/orfeo/cephfs/scratch/cdslab/ebusca00/signatures//fits_generative_model/all_fits//fits_dn.matched.2011.compare_LAST//simul_fit.N500.G3.s23.matched.2011.Rds
[1] "BASCULE"
Kmeans done.
KL-Kmeans done.
KL-Kmeans done.
KL-Kmeans done.
Spectral clustering done.
[1] "SigProfiler"
[1] "SparseSignatures"
[1] "SignatureToolsLib"
/orfeo/cephfs/scratch/cdslab/ebusca00/signatures//fits_generative_model/all_fits//fits_dn.matched.2011.compare_LAST//simul_fit.N500.G1.s14.matched.2011.Rds
[1] "BASCULE"
Kmeans done.
Spectral clustering done.
[1] "SigProfiler"
[1] "SparseSignatures"
[1] "SignatureToolsLib"
/orfeo/cephfs/scratch/cdslab/ebusca00/signatures//fits_generative_model/all_fits//fits_dn.matched.2011.compare_LAST//simul_fit.N500.G3.s1.matched.2011.Rds
[1] "BASCULE"
Kmeans done.
KL-Kmeans done.
Spectral clustering done.
[1] "SigProfiler"
[1] "SparseSignatures"
[1] "SignatureToolsLib"
/orfeo/cephfs/scratch/cdslab/ebusca00/signatures//fits_generative_model/all_fits//fits_dn.matched.2011.compare_LAST//simul_fit.N500.G1.s8.matched.2011.Rds
[1] "BASCULE"
Kmeans done.
Spectral clustering done.
KL-Kmeans done.
[1] "SigProfiler"
[1] "SparseSignatures"
[1] "SignatureToolsLib"
/orfeo/cephfs/scratch/cdslab/ebusca00/signatures//fits_generative_model/all_fits//fits_dn.matched.2011.compare_LAST//simul_fit.N500.G1.s22.matched.2011.Rds
[1] "BASCULE"
Kmeans done.
KL-Kmeans done.
Spectral clustering done.
[1] "SigProfiler"
[1] "SparseSignatures"
[1] "SignatureToolsLib"
/orfeo/cephfs/scratch/cdslab/ebusca00/signatures//fits_generative_model/all_fits//fits_dn.matched.2011.compare_LAST//simul_fit.N500.G3.s16.matched.2011.Rds
[1] "BASCULE"
Kmeans done.
Spectral clustering done.
[1] "SigProfiler"
[1] "SparseSignatures"
[1] "SignatureToolsLib"
/orfeo/cephfs/scratch/cdslab/ebusca00/signatures//fits_generative_model/all_fits//fits_dn.matched.2011.compare_LAST//simul_fit.N500.G1.s30.matched.2011.Rds
[1] "BASCULE"
Kmeans done.
KL-Kmeans done.
KL-Kmeans done.
Spectral clustering done.
[1] "SigProfiler"
[1] "SparseSignatures"
[1] "SignatureToolsLib"
/orfeo/cephfs/scratch/cdslab/ebusca00/signatures//fits_generative_model/all_fits//fits_dn.matched.2011.compare_LAST//simul_fit.N500.G3.s11.matched.2011.Rds
[1] "BASCULE"
Kmeans done.
KL-Kmeans done.
Spectral clustering done.
[1] "SigProfiler"
[1] "SparseSignatures"
[1] "SignatureToolsLib"
/orfeo/cephfs/scratch/cdslab/ebusca00/signatures//fits_generative_model/all_fits//fits_dn.matched.2011.compare_LAST//simul_fit.N150.G1.s11.matched.2011.Rds
[1] "BASCULE"
Kmeans done.
KL-Kmeans done.
Spectral clustering done.
[1] "SigProfiler"
[1] "SparseSignatures"
[1] "SignatureToolsLib"
/orfeo/cephfs/scratch/cdslab/ebusca00/signatures//fits_generative_model/all_fits//fits_dn.matched.2011.compare_LAST//simul_fit.N150.G1.s2.matched.2011.Rds
[1] "BASCULE"
Kmeans done.
KL-Kmeans done.
Spectral clustering done.
[1] "SigProfiler"
[1] "SparseSignatures"
[1] "SignatureToolsLib"
/orfeo/cephfs/scratch/cdslab/ebusca00/signatures//fits_generative_model/all_fits//fits_dn.matched.2011.compare_LAST//simul_fit.N150.G1.s28.matched.2011.Rds
[1] "BASCULE"
Kmeans done.
KL-Kmeans done.
KL-Kmeans done.
Spectral clustering done.
[1] "SigProfiler"
[1] "SparseSignatures"
[1] "SignatureToolsLib"
/orfeo/cephfs/scratch/cdslab/ebusca00/signatures//fits_generative_model/all_fits//fits_dn.matched.2011.compare_LAST//simul_fit.N150.G1.s9.matched.2011.Rds
[1] "BASCULE"
Kmeans done.
KL-Kmeans done.
Spectral clustering done.
[1] "SigProfiler"
[1] "SparseSignatures"
[1] "SignatureToolsLib"
/orfeo/cephfs/scratch/cdslab/ebusca00/signatures//fits_generative_model/all_fits//fits_dn.matched.2011.compare_LAST//simul_fit.N150.G3.s17.matched.2011.Rds
[1] "BASCULE"
Kmeans done.
Spectral clustering done.
[1] "SigProfiler"
[1] "SparseSignatures"
[1] "SignatureToolsLib"
/orfeo/cephfs/scratch/cdslab/ebusca00/signatures//fits_generative_model/all_fits//fits_dn.matched.2011.compare_LAST//simul_fit.N500.G3.s4.matched.2011.Rds
[1] "BASCULE"
Kmeans done.
KL-Kmeans done.
Spectral clustering done.
[1] "SigProfiler"
[1] "SparseSignatures"
[1] "SignatureToolsLib"
/orfeo/cephfs/scratch/cdslab/ebusca00/signatures//fits_generative_model/all_fits//fits_dn.matched.2011.compare_LAST//simul_fit.N150.G3.s25.matched.2011.Rds
[1] "BASCULE"
Kmeans done.
KL-Kmeans done.
KL-Kmeans done.
Spectral clustering done.
[1] "SigProfiler"
[1] "SparseSignatures"
[1] "SignatureToolsLib"
/orfeo/cephfs/scratch/cdslab/ebusca00/signatures//fits_generative_model/all_fits//fits_dn.matched.2011.compare_LAST//simul_fit.N500.G3.s18.matched.2011.Rds
[1] "BASCULE"
Kmeans done.
Spectral clustering done.
[1] "SigProfiler"
[1] "SparseSignatures"
[1] "SignatureToolsLib"
/orfeo/cephfs/scratch/cdslab/ebusca00/signatures//fits_generative_model/all_fits//fits_dn.matched.2011.compare_LAST//simul_fit.N150.G3.s6.matched.2011.Rds
[1] "BASCULE"
Kmeans done.
KL-Kmeans done.
KL-Kmeans done.
Spectral clustering done.
[1] "SigProfiler"
[1] "SparseSignatures"
[1] "SignatureToolsLib"
/orfeo/cephfs/scratch/cdslab/ebusca00/signatures//fits_generative_model/all_fits//fits_dn.matched.2011.compare_LAST//simul_fit.N150.G6.s14.matched.2011.Rds
[1] "BASCULE"
Kmeans done.
Spectral clustering done.
[1] "SigProfiler"
[1] "SparseSignatures"
[1] "SignatureToolsLib"
/orfeo/cephfs/scratch/cdslab/ebusca00/signatures//fits_generative_model/all_fits//fits_dn.matched.2011.compare_LAST//simul_fit.N500.G3.s2.matched.2011.Rds
[1] "BASCULE"
Kmeans done.
Spectral clustering done.
[1] "SigProfiler"
[1] "SparseSignatures"
[1] "SignatureToolsLib"
/orfeo/cephfs/scratch/cdslab/ebusca00/signatures//fits_generative_model/all_fits//fits_dn.matched.2011.compare_LAST//simul_fit.N500.G3.s24.matched.2011.Rds
[1] "BASCULE"
Kmeans done.
KL-Kmeans done.
KL-Kmeans done.
Spectral clustering done.
[1] "SigProfiler"
[1] "SparseSignatures"
[1] "SignatureToolsLib"
/orfeo/cephfs/scratch/cdslab/ebusca00/signatures//fits_generative_model/all_fits//fits_dn.matched.2011.compare_LAST//simul_fit.N150.G6.s22.matched.2011.Rds
[1] "BASCULE"
Kmeans done.
KL-Kmeans done.
KL-Kmeans done.
KL-Kmeans done.
Spectral clustering done.
[1] "SigProfiler"
[1] "SparseSignatures"
[1] "SignatureToolsLib"
/orfeo/cephfs/scratch/cdslab/ebusca00/signatures//fits_generative_model/all_fits//fits_dn.matched.2011.compare_LAST//simul_fit.N150.G6.s30.matched.2011.Rds
[1] "BASCULE"
Kmeans done.
Spectral clustering done.
[1] "SigProfiler"
[1] "SparseSignatures"
[1] "SignatureToolsLib"
/orfeo/cephfs/scratch/cdslab/ebusca00/signatures//fits_generative_model/all_fits//fits_dn.matched.2011.compare_LAST//simul_fit.N500.G3.s26.matched.2011.Rds
[1] "BASCULE"
Kmeans done.
Spectral clustering done.
[1] "SigProfiler"
[1] "SparseSignatures"
[1] "SignatureToolsLib"
/orfeo/cephfs/scratch/cdslab/ebusca00/signatures//fits_generative_model/all_fits//fits_dn.matched.2011.compare_LAST//simul_fit.N500.G3.s28.matched.2011.Rds
[1] "BASCULE"
Kmeans done.
KL-Kmeans done.
Spectral clustering done.
[1] "SigProfiler"
[1] "SparseSignatures"
[1] "SignatureToolsLib"
/orfeo/cephfs/scratch/cdslab/ebusca00/signatures//fits_generative_model/all_fits//fits_dn.matched.2011.compare_LAST//simul_fit.N500.G6.s12.matched.2011.Rds
[1] "BASCULE"
Kmeans done.
KL-Kmeans done.
Spectral clustering done.
[1] "SigProfiler"
[1] "SparseSignatures"
[1] "SignatureToolsLib"
/orfeo/cephfs/scratch/cdslab/ebusca00/signatures//fits_generative_model/all_fits//fits_dn.matched.2011.compare_LAST//simul_fit.N500.G1.s11.matched.2011.Rds
[1] "BASCULE"
Kmeans done.
KL-Kmeans done.
Spectral clustering done.
[1] "SigProfiler"
[1] "SparseSignatures"
[1] "SignatureToolsLib"
/orfeo/cephfs/scratch/cdslab/ebusca00/signatures//fits_generative_model/all_fits//fits_dn.matched.2011.compare_LAST//simul_fit.N500.G1.s2.matched.2011.Rds
[1] "BASCULE"
Kmeans done.
KL-Kmeans done.
KL-Kmeans done.
Spectral clustering done.
[1] "SigProfiler"
[1] "SparseSignatures"
[1] "SignatureToolsLib"
/orfeo/cephfs/scratch/cdslab/ebusca00/signatures//fits_generative_model/all_fits//fits_dn.matched.2011.compare_LAST//simul_fit.N150.G1.s13.matched.2011.Rds
[1] "BASCULE"
Kmeans done.
KL-Kmeans done.
Spectral clustering done.
[1] "SigProfiler"
[1] "SparseSignatures"
[1] "SignatureToolsLib"
/orfeo/cephfs/scratch/cdslab/ebusca00/signatures//fits_generative_model/all_fits//fits_dn.matched.2011.compare_LAST//simul_fit.N150.G1.s21.matched.2011.Rds
Spectral clustering done.
[1] "BASCULE"
Kmeans done.
[1] "SigProfiler"
[1] "SparseSignatures"
[1] "SignatureToolsLib"
/orfeo/cephfs/scratch/cdslab/ebusca00/signatures//fits_generative_model/all_fits//fits_dn.matched.2011.compare_LAST//simul_fit.N500.G1.s28.matched.2011.Rds
[1] "BASCULE"
Kmeans done.
KL-Kmeans done.
Spectral clustering done.
[1] "SigProfiler"
[1] "SparseSignatures"
[1] "SignatureToolsLib"
/orfeo/cephfs/scratch/cdslab/ebusca00/signatures//fits_generative_model/all_fits//fits_dn.matched.2011.compare_LAST//simul_fit.N150.G1.s3.matched.2011.Rds
[1] "BASCULE"
Kmeans done.
Spectral clustering done.
[1] "SigProfiler"
[1] "SparseSignatures"
[1] "SignatureToolsLib"
/orfeo/cephfs/scratch/cdslab/ebusca00/signatures//fits_generative_model/all_fits//fits_dn.matched.2011.compare_LAST//simul_fit.N500.G3.s5.matched.2011.Rds
[1] "BASCULE"
KL-Kmeans done.
KL-Kmeans done.
Spectral clustering done.
[1] "SigProfiler"
[1] "SparseSignatures"
[1] "SignatureToolsLib"
/orfeo/cephfs/scratch/cdslab/ebusca00/signatures//fits_generative_model/all_fits//fits_dn.matched.2011.compare_LAST//simul_fit.N150.G3.s10.matched.2011.Rds
[1] "BASCULE"
Kmeans done.
Kmeans done.
KL-Kmeans done.
KL-Kmeans done.
Spectral clustering done.
[1] "SigProfiler"
[1] "SparseSignatures"
[1] "SignatureToolsLib"
/orfeo/cephfs/scratch/cdslab/ebusca00/signatures//fits_generative_model/all_fits//fits_dn.matched.2011.compare_LAST//simul_fit.N500.G1.s9.matched.2011.Rds
[1] "BASCULE"
Kmeans done.
Spectral clustering done.
[1] "SigProfiler"
[1] "SparseSignatures"
[1] "SignatureToolsLib"
/orfeo/cephfs/scratch/cdslab/ebusca00/signatures//fits_generative_model/all_fits//fits_dn.matched.2011.compare_LAST//simul_fit.N150.G3.s19.matched.2011.Rds
[1] "BASCULE"
Kmeans done.
KL-Kmeans done.
Spectral clustering done.
[1] "SigProfiler"
[1] "SparseSignatures"
[1] "SignatureToolsLib"
/orfeo/cephfs/scratch/cdslab/ebusca00/signatures//fits_generative_model/all_fits//fits_dn.matched.2011.compare_LAST//simul_fit.N500.G3.s7.matched.2011.Rds
[1] "BASCULE"
KL-Kmeans done.
Kmeans done.
Spectral clustering done.
[1] "SigProfiler"
[1] "SparseSignatures"
[1] "SignatureToolsLib"
/orfeo/cephfs/scratch/cdslab/ebusca00/signatures//fits_generative_model/all_fits//fits_dn.matched.2011.compare_LAST//simul_fit.N500.G3.s17.matched.2011.Rds
[1] "BASCULE"
Kmeans done.
Spectral clustering done.
[1] "SigProfiler"
[1] "SparseSignatures"
[1] "SignatureToolsLib"
/orfeo/cephfs/scratch/cdslab/ebusca00/signatures//fits_generative_model/all_fits//fits_dn.matched.2011.compare_LAST//simul_fit.N150.G3.s27.matched.2011.Rds
[1] "BASCULE"
Kmeans done.
KL-Kmeans done.
Spectral clustering done.
[1] "SigProfiler"
[1] "SparseSignatures"
[1] "SignatureToolsLib"
/orfeo/cephfs/scratch/cdslab/ebusca00/signatures//fits_generative_model/all_fits//fits_dn.matched.2011.compare_LAST//simul_fit.N150.G3.s8.matched.2011.Rds
[1] "BASCULE"
Kmeans done.
KL-Kmeans done.
Spectral clustering done.
[1] "SigProfiler"
[1] "SparseSignatures"
[1] "SignatureToolsLib"
/orfeo/cephfs/scratch/cdslab/ebusca00/signatures//fits_generative_model/all_fits//fits_dn.matched.2011.compare_LAST//simul_fit.N150.G6.s16.matched.2011.Rds
[1] "BASCULE"
Kmeans done.
Spectral clustering done.
[1] "SigProfiler"
[1] "SparseSignatures"
[1] "SignatureToolsLib"
/orfeo/cephfs/scratch/cdslab/ebusca00/signatures//fits_generative_model/all_fits//fits_dn.matched.2011.compare_LAST//simul_fit.N500.G3.s9.matched.2011.Rds
[1] "BASCULE"
Kmeans done.
KL-Kmeans done.
KL-Kmeans done.
KL-Kmeans done.
KL-Kmeans done.
Spectral clustering done.
[1] "SigProfiler"
[1] "SparseSignatures"
[1] "SignatureToolsLib"
/orfeo/cephfs/scratch/cdslab/ebusca00/signatures//fits_generative_model/all_fits//fits_dn.matched.2011.compare_LAST//simul_fit.N150.G6.s24.matched.2011.Rds
[1] "BASCULE"
Kmeans done.
Spectral clustering done.
[1] "SigProfiler"
[1] "SparseSignatures"
[1] "SignatureToolsLib"
/orfeo/cephfs/scratch/cdslab/ebusca00/signatures//fits_generative_model/all_fits//fits_dn.matched.2011.compare_LAST//simul_fit.N500.G6.s15.matched.2011.Rds
[1] "BASCULE"
Kmeans done.
Spectral clustering done.
[1] "SigProfiler"
[1] "SparseSignatures"
[1] "SignatureToolsLib"
/orfeo/cephfs/scratch/cdslab/ebusca00/signatures//fits_generative_model/all_fits//fits_dn.matched.2011.compare_LAST//simul_fit.N500.G3.s25.matched.2011.Rds
KL-Kmeans done.
[1] "BASCULE"
Kmeans done.
Spectral clustering done.
[1] "SigProfiler"
[1] "SparseSignatures"
[1] "SignatureToolsLib"
/orfeo/cephfs/scratch/cdslab/ebusca00/signatures//fits_generative_model/all_fits//fits_dn.matched.2011.compare_LAST//simul_fit.N500.G6.s13.matched.2011.Rds
[1] "BASCULE"
KL-Kmeans done.
Spectral clustering done.
[1] "SigProfiler"
[1] "SparseSignatures"
[1] "SignatureToolsLib"
/orfeo/cephfs/scratch/cdslab/ebusca00/signatures//fits_generative_model/all_fits//fits_dn.matched.2011.compare_LAST//simul_fit.N150.G6.s5.matched.2011.Rds
[1] "BASCULE"
Kmeans done.
Kmeans done.
KL-Kmeans done.
KL-Kmeans done.
Spectral clustering done.
[1] "SigProfiler"
[1] "SparseSignatures"
[1] "SignatureToolsLib"
/orfeo/cephfs/scratch/cdslab/ebusca00/signatures//fits_generative_model/all_fits//fits_dn.matched.2011.compare_LAST//simul_fit.N500.G1.s13.matched.2011.Rds
[1] "BASCULE"
Kmeans done.
Spectral clustering done.
[1] "SigProfiler"
[1] "SparseSignatures"
[1] "SignatureToolsLib"
/orfeo/cephfs/scratch/cdslab/ebusca00/signatures//fits_generative_model/all_fits//fits_dn.matched.2011.compare_LAST//simul_fit.N500.G6.s17.matched.2011.Rds
[1] "BASCULE"
KL-Kmeans done.
KL-Kmeans done.
Kmeans done.
Spectral clustering done.
Spectral clustering done.
[1] "SigProfiler"
[1] "SigProfiler"
[1] "SparseSignatures"
[1] "SparseSignatures"
[1] "SignatureToolsLib"
[1] "SignatureToolsLib"
/orfeo/cephfs/scratch/cdslab/ebusca00/signatures//fits_generative_model/all_fits//fits_dn.matched.2011.compare_LAST//simul_fit.N500.G1.s21.matched.2011.Rds
/orfeo/cephfs/scratch/cdslab/ebusca00/signatures//fits_generative_model/all_fits//fits_dn.matched.2011.compare_LAST//simul_fit.N150.G1.s16.matched.2011.Rds
[1] "BASCULE"
[1] "BASCULE"
Kmeans done.
Kmeans done.
KL-Kmeans done.
Spectral clustering done.
[1] "SigProfiler"
[1] "SparseSignatures"
[1] "SignatureToolsLib"
/orfeo/cephfs/scratch/cdslab/ebusca00/signatures//fits_generative_model/all_fits//fits_dn.matched.2011.compare_LAST//simul_fit.N150.G1.s24.matched.2011.Rds
[1] "BASCULE"
Kmeans done.
KL-Kmeans done.
KL-Kmeans done.
Spectral clustering done.
[1] "SigProfiler"
[1] "SparseSignatures"
[1] "SignatureToolsLib"
/orfeo/cephfs/scratch/cdslab/ebusca00/signatures//fits_generative_model/all_fits//fits_dn.matched.2011.compare_LAST//simul_fit.N150.G1.s5.matched.2011.Rds
[1] "BASCULE"
Kmeans done.
KL-Kmeans done.
Spectral clustering done.
[1] "SigProfiler"
[1] "SparseSignatures"
[1] "SignatureToolsLib"
/orfeo/cephfs/scratch/cdslab/ebusca00/signatures//fits_generative_model/all_fits//fits_dn.matched.2011.compare_LAST//simul_fit.N150.G3.s13.matched.2011.Rds
[1] "BASCULE"
Kmeans done.
Spectral clustering done.
[1] "SigProfiler"
[1] "SparseSignatures"
[1] "SignatureToolsLib"
/orfeo/cephfs/scratch/cdslab/ebusca00/signatures//fits_generative_model/all_fits//fits_dn.matched.2011.compare_LAST//simul_fit.N500.G1.s3.matched.2011.Rds
[1] "BASCULE"
Kmeans done.
KL-Kmeans done.
KL-Kmeans done.
KL-Kmeans done.
Spectral clustering done.
[1] "SigProfiler"
[1] "SparseSignatures"
[1] "SignatureToolsLib"
/orfeo/cephfs/scratch/cdslab/ebusca00/signatures//fits_generative_model/all_fits//fits_dn.matched.2011.compare_LAST//simul_fit.N150.G3.s21.matched.2011.Rds
[1] "BASCULE"
Kmeans done.
Spectral clustering done.
[1] "SigProfiler"
[1] "SparseSignatures"
[1] "SignatureToolsLib"
/orfeo/cephfs/scratch/cdslab/ebusca00/signatures//fits_generative_model/all_fits//fits_dn.matched.2011.compare_LAST//simul_fit.N500.G3.s10.matched.2011.Rds
[1] "BASCULE"
Kmeans done.
Spectral clustering done.
[1] "SigProfiler"
[1] "SparseSignatures"
[1] "SignatureToolsLib"
/orfeo/cephfs/scratch/cdslab/ebusca00/signatures//fits_generative_model/all_fits//fits_dn.matched.2011.compare_LAST//simul_fit.N500.G3.s6.matched.2011.Rds
[1] "BASCULE"
Kmeans done.
KL-Kmeans done.
Spectral clustering done.
[1] "SigProfiler"
[1] "SparseSignatures"
[1] "SignatureToolsLib"
/orfeo/cephfs/scratch/cdslab/ebusca00/signatures//fits_generative_model/all_fits//fits_dn.matched.2011.compare_LAST//simul_fit.N150.G3.s3.matched.2011.Rds
[1] "BASCULE"
Kmeans done.
KL-Kmeans done.
Spectral clustering done.
[1] "SigProfiler"
[1] "SparseSignatures"
[1] "SignatureToolsLib"
/orfeo/cephfs/scratch/cdslab/ebusca00/signatures//fits_generative_model/all_fits//fits_dn.matched.2011.compare_LAST//simul_fit.N150.G6.s10.matched.2011.Rds
[1] "BASCULE"
Kmeans done.
KL-Kmeans done.
KL-Kmeans done.
KL-Kmeans done.
KL-Kmeans done.
Spectral clustering done.
[1] "SigProfiler"
[1] "SparseSignatures"
[1] "SignatureToolsLib"
/orfeo/cephfs/scratch/cdslab/ebusca00/signatures//fits_generative_model/all_fits//fits_dn.matched.2011.compare_LAST//simul_fit.N150.G6.s19.matched.2011.Rds
[1] "BASCULE"
Kmeans done.
Spectral clustering done.
[1] "SigProfiler"
[1] "SparseSignatures"
[1] "SignatureToolsLib"
/orfeo/cephfs/scratch/cdslab/ebusca00/signatures//fits_generative_model/all_fits//fits_dn.matched.2011.compare_LAST//simul_fit.N500.G6.s20.matched.2011.Rds
[1] "BASCULE"
Kmeans done.
Spectral clustering done.
[1] "SigProfiler"
[1] "SparseSignatures"
[1] "SignatureToolsLib"
/orfeo/cephfs/scratch/cdslab/ebusca00/signatures//fits_generative_model/all_fits//fits_dn.matched.2011.compare_LAST//simul_fit.N500.G3.s19.matched.2011.Rds
Spectral clustering done.
[1] "BASCULE"
[1] "SigProfiler"
[1] "SparseSignatures"
[1] "SignatureToolsLib"
/orfeo/cephfs/scratch/cdslab/ebusca00/signatures//fits_generative_model/all_fits//fits_dn.matched.2011.compare_LAST//simul_fit.N500.G6.s14.matched.2011.Rds
KL-Kmeans done.
[1] "BASCULE"
Kmeans done.
Kmeans done.
KL-Kmeans done.
Spectral clustering done.
[1] "SigProfiler"
[1] "SparseSignatures"
[1] "SignatureToolsLib"
/orfeo/cephfs/scratch/cdslab/ebusca00/signatures//fits_generative_model/all_fits//fits_dn.matched.2011.compare_LAST//simul_fit.N150.G6.s27.matched.2011.Rds
[1] "BASCULE"
Kmeans done.
KL-Kmeans done.
Spectral clustering done.
[1] "SigProfiler"
[1] "SparseSignatures"
[1] "SignatureToolsLib"
/orfeo/cephfs/scratch/cdslab/ebusca00/signatures//fits_generative_model/all_fits//fits_dn.matched.2011.compare_LAST//simul_fit.N500.G6.s23.matched.2011.Rds
[1] "BASCULE"
KL-Kmeans done.
Kmeans done.
Spectral clustering done.
[1] "SigProfiler"
[1] "SparseSignatures"
[1] "SignatureToolsLib"
/orfeo/cephfs/scratch/cdslab/ebusca00/signatures//fits_generative_model/all_fits//fits_dn.matched.2011.compare_LAST//simul_fit.N150.G6.s8.matched.2011.Rds
[1] "BASCULE"
Kmeans done.
KL-Kmeans done.
Spectral clustering done.
[1] "SigProfiler"
[1] "SparseSignatures"
[1] "SignatureToolsLib"
/orfeo/cephfs/scratch/cdslab/ebusca00/signatures//fits_generative_model/all_fits//fits_dn.matched.2011.compare_LAST//simul_fit.N500.G3.s27.matched.2011.Rds
[1] "BASCULE"
Kmeans done.
KL-Kmeans done.
KL-Kmeans done.
Spectral clustering done.
[1] "SigProfiler"
[1] "SparseSignatures"
[1] "SignatureToolsLib"
/orfeo/cephfs/scratch/cdslab/ebusca00/signatures//fits_generative_model/all_fits//fits_dn.matched.2011.compare_LAST//simul_fit.N500.G1.s16.matched.2011.Rds
[1] "BASCULE"
Kmeans done.
KL-Kmeans done.
Spectral clustering done.
[1] "SigProfiler"
[1] "SparseSignatures"
[1] "SignatureToolsLib"
/orfeo/cephfs/scratch/cdslab/ebusca00/signatures//fits_generative_model/all_fits//fits_dn.matched.2011.compare_LAST//simul_fit.N500.G1.s24.matched.2011.Rds
[1] "BASCULE"
Kmeans done.
KL-Kmeans done.
Spectral clustering done.
[1] "SigProfiler"
KL-Kmeans done.
[1] "SparseSignatures"
[1] "SignatureToolsLib"
/orfeo/cephfs/scratch/cdslab/ebusca00/signatures//fits_generative_model/all_fits//fits_dn.matched.2011.compare_LAST//simul_fit.N150.G1.s17.matched.2011.Rds
[1] "BASCULE"
Kmeans done.
KL-Kmeans done.
Spectral clustering done.
[1] "SigProfiler"
[1] "SparseSignatures"
[1] "SignatureToolsLib"
/orfeo/cephfs/scratch/cdslab/ebusca00/signatures//fits_generative_model/all_fits//fits_dn.matched.2011.compare_LAST//simul_fit.N150.G1.s25.matched.2011.Rds
[1] "BASCULE"
Kmeans done.
KL-Kmeans done.
Spectral clustering done.
[1] "SigProfiler"
[1] "SparseSignatures"
[1] "SignatureToolsLib"
/orfeo/cephfs/scratch/cdslab/ebusca00/signatures//fits_generative_model/all_fits//fits_dn.matched.2011.compare_LAST//simul_fit.N150.G1.s6.matched.2011.Rds
[1] "BASCULE"
Kmeans done.
KL-Kmeans done.
Spectral clustering done.
[1] "SigProfiler"
[1] "SparseSignatures"
[1] "SignatureToolsLib"
/orfeo/cephfs/scratch/cdslab/ebusca00/signatures//fits_generative_model/all_fits//fits_dn.matched.2011.compare_LAST//simul_fit.N500.G1.s5.matched.2011.Rds
Spectral clustering done.
[1] "BASCULE"
[1] "SigProfiler"
[1] "SparseSignatures"
[1] "SignatureToolsLib"
/orfeo/cephfs/scratch/cdslab/ebusca00/signatures//fits_generative_model/all_fits//fits_dn.matched.2011.compare_LAST//simul_fit.N150.G3.s14.matched.2011.Rds
[1] "BASCULE"
Kmeans done.
Kmeans done.
KL-Kmeans done.
Spectral clustering done.
[1] "SigProfiler"
[1] "SparseSignatures"
[1] "SignatureToolsLib"
/orfeo/cephfs/scratch/cdslab/ebusca00/signatures//fits_generative_model/all_fits//fits_dn.matched.2011.compare_LAST//simul_fit.N500.G6.s21.matched.2011.Rds
[1] "BASCULE"
KL-Kmeans done.
Spectral clustering done.
[1] "SigProfiler"
[1] "SparseSignatures"
[1] "SignatureToolsLib"
/orfeo/cephfs/scratch/cdslab/ebusca00/signatures//fits_generative_model/all_fits//fits_dn.matched.2011.compare_LAST//simul_fit.N150.G3.s22.matched.2011.Rds
Kmeans done.
[1] "BASCULE"
Kmeans done.
Spectral clustering done.
[1] "SigProfiler"
[1] "SparseSignatures"
[1] "SignatureToolsLib"
/orfeo/cephfs/scratch/cdslab/ebusca00/signatures//fits_generative_model/all_fits//fits_dn.matched.2011.compare_LAST//simul_fit.N500.G3.s13.matched.2011.Rds
[1] "BASCULE"
Kmeans done.
Spectral clustering done.
[1] "SigProfiler"
[1] "SparseSignatures"
[1] "SignatureToolsLib"
/orfeo/cephfs/scratch/cdslab/ebusca00/signatures//fits_generative_model/all_fits//fits_dn.matched.2011.compare_LAST//simul_fit.N500.G3.s8.matched.2011.Rds
[1] "BASCULE"
KL-Kmeans done.
Kmeans done.
Spectral clustering done.
[1] "SigProfiler"
[1] "SparseSignatures"
[1] "SignatureToolsLib"
/orfeo/cephfs/scratch/cdslab/ebusca00/signatures//fits_generative_model/all_fits//fits_dn.matched.2011.compare_LAST//simul_fit.N150.G3.s30.matched.2011.Rds
[1] "BASCULE"
Kmeans done.
Spectral clustering done.
[1] "SigProfiler"
[1] "SparseSignatures"
[1] "SignatureToolsLib"
/orfeo/cephfs/scratch/cdslab/ebusca00/signatures//fits_generative_model/all_fits//fits_dn.matched.2011.compare_LAST//simul_fit.N500.G6.s25.matched.2011.Rds
[1] "BASCULE"
KL-Kmeans done.
Spectral clustering done.
Kmeans done.
[1] "SigProfiler"
[1] "SparseSignatures"
[1] "SignatureToolsLib"
/orfeo/cephfs/scratch/cdslab/ebusca00/signatures//fits_generative_model/all_fits//fits_dn.matched.2011.compare_LAST//simul_fit.N150.G6.s11.matched.2011.Rds
[1] "BASCULE"
Kmeans done.
KL-Kmeans done.
KL-Kmeans done.
KL-Kmeans done.
KL-Kmeans done.
Spectral clustering done.
[1] "SigProfiler"
[1] "SparseSignatures"
[1] "SignatureToolsLib"
/orfeo/cephfs/scratch/cdslab/ebusca00/signatures//fits_generative_model/all_fits//fits_dn.matched.2011.compare_LAST//simul_fit.N150.G6.s2.matched.2011.Rds
[1] "BASCULE"
Kmeans done.
KL-Kmeans done.
Spectral clustering done.
[1] "SigProfiler"
[1] "SparseSignatures"
[1] "SignatureToolsLib"
/orfeo/cephfs/scratch/cdslab/ebusca00/signatures//fits_generative_model/all_fits//fits_dn.matched.2011.compare_LAST//simul_fit.N500.G6.s16.matched.2011.Rds
[1] "BASCULE"
Kmeans done.
Spectral clustering done.
[1] "SigProfiler"
[1] "SparseSignatures"
[1] "SignatureToolsLib"
/orfeo/cephfs/scratch/cdslab/ebusca00/signatures//fits_generative_model/all_fits//fits_dn.matched.2011.compare_LAST//simul_fit.N500.G3.s21.matched.2011.Rds
[1] "BASCULE"
Kmeans done.
Spectral clustering done.
[1] "SigProfiler"
[1] "SparseSignatures"
[1] "SignatureToolsLib"
/orfeo/cephfs/scratch/cdslab/ebusca00/signatures//fits_generative_model/all_fits//fits_dn.matched.2011.compare_LAST//simul_fit.N500.G6.s29.matched.2011.Rds
[1] "BASCULE"
KL-Kmeans done.
Kmeans done.
KL-Kmeans done.
Spectral clustering done.
[1] "SigProfiler"
[1] "SparseSignatures"
[1] "SignatureToolsLib"
/orfeo/cephfs/scratch/cdslab/ebusca00/signatures//fits_generative_model/all_fits//fits_dn.matched.2011.compare_LAST//simul_fit.N150.G6.s28.matched.2011.Rds
[1] "BASCULE"
Kmeans done.
KL-Kmeans done.
KL-Kmeans done.
Spectral clustering done.
[1] "SigProfiler"
[1] "SparseSignatures"
[1] "SignatureToolsLib"
/orfeo/cephfs/scratch/cdslab/ebusca00/signatures//fits_generative_model/all_fits//fits_dn.matched.2011.compare_LAST//simul_fit.N150.G6.s9.matched.2011.Rds
[1] "BASCULE"
Kmeans done.
Spectral clustering done.
[1] "SigProfiler"
[1] "SparseSignatures"
[1] "SignatureToolsLib"
/orfeo/cephfs/scratch/cdslab/ebusca00/signatures//fits_generative_model/all_fits//fits_dn.matched.2011.compare_LAST//simul_fit.N150.G1.s15.matched.2011.Rds
[1] "BASCULE"
Kmeans done.
KL-Kmeans done.
Spectral clustering done.
[1] "SigProfiler"
[1] "SparseSignatures"
[1] "SignatureToolsLib"
/orfeo/cephfs/scratch/cdslab/ebusca00/signatures//fits_generative_model/all_fits//fits_dn.matched.2011.compare_LAST//simul_fit.N150.G1.s23.matched.2011.Rds
[1] "BASCULE"
Kmeans done.
KL-Kmeans done.
Spectral clustering done.
[1] "SigProfiler"
[1] "SparseSignatures"
[1] "SignatureToolsLib"
/orfeo/cephfs/scratch/cdslab/ebusca00/signatures//fits_generative_model/all_fits//fits_dn.matched.2011.compare_LAST//simul_fit.N150.G1.s4.matched.2011.Rds
[1] "BASCULE"
Kmeans done.
KL-Kmeans done.
Spectral clustering done.
[1] "SigProfiler"
[1] "SparseSignatures"
[1] "SignatureToolsLib"
/orfeo/cephfs/scratch/cdslab/ebusca00/signatures//fits_generative_model/all_fits//fits_dn.matched.2011.compare_LAST//simul_fit.N150.G3.s12.matched.2011.Rds
[1] "BASCULE"
Kmeans done.
Spectral clustering done.
[1] "SigProfiler"
[1] "SparseSignatures"
[1] "SignatureToolsLib"
/orfeo/cephfs/scratch/cdslab/ebusca00/signatures//fits_generative_model/all_fits//fits_dn.matched.2011.compare_LAST//simul_fit.N500.G3.s3.matched.2011.Rds
[1] "BASCULE"
Kmeans done.
KL-Kmeans done.
Spectral clustering done.
[1] "SigProfiler"
[1] "SparseSignatures"
[1] "SignatureToolsLib"
/orfeo/cephfs/scratch/cdslab/ebusca00/signatures//fits_generative_model/all_fits//fits_dn.matched.2011.compare_LAST//simul_fit.N150.G3.s20.matched.2011.Rds
[1] "BASCULE"
Kmeans done.
Spectral clustering done.
[1] "SigProfiler"
[1] "SparseSignatures"
[1] "SignatureToolsLib"
/orfeo/cephfs/scratch/cdslab/ebusca00/signatures//fits_generative_model/all_fits//fits_dn.matched.2011.compare_LAST//simul_fit.N500.G6.s4.matched.2011.Rds
[1] "BASCULE"
KL-Kmeans done.
Spectral clustering done.
[1] "SigProfiler"
[1] "SparseSignatures"
[1] "SignatureToolsLib"
/orfeo/cephfs/scratch/cdslab/ebusca00/signatures//fits_generative_model/all_fits//fits_dn.matched.2011.compare_LAST//simul_fit.N500.G6.s22.matched.2011.Rds
[1] "BASCULE"
KL-Kmeans done.
Spectral clustering done.
Kmeans done.
[1] "SigProfiler"
[1] "SparseSignatures"
[1] "SignatureToolsLib"
/orfeo/cephfs/scratch/cdslab/ebusca00/signatures//fits_generative_model/all_fits//fits_dn.matched.2011.compare_LAST//simul_fit.N500.G1.s17.matched.2011.Rds
[1] "BASCULE"
Kmeans done.
Spectral clustering done.
[1] "SigProfiler"
[1] "SparseSignatures"
[1] "SignatureToolsLib"
/orfeo/cephfs/scratch/cdslab/ebusca00/signatures//fits_generative_model/all_fits//fits_dn.matched.2011.compare_LAST//simul_fit.N150.G3.s29.matched.2011.Rds
[1] "BASCULE"
Kmeans done.
KL-Kmeans done.
Kmeans done.
KL-Kmeans done.
KL-Kmeans done.
Spectral clustering done.
[1] "SigProfiler"
[1] "SparseSignatures"
[1] "SignatureToolsLib"
/orfeo/cephfs/scratch/cdslab/ebusca00/signatures//fits_generative_model/all_fits//fits_dn.matched.2011.compare_LAST//simul_fit.N500.G1.s25.matched.2011.Rds
[1] "BASCULE"
Kmeans done.
KL-Kmeans done.
Spectral clustering done.
[1] "SigProfiler"
[1] "SparseSignatures"
[1] "SignatureToolsLib"
/orfeo/cephfs/scratch/cdslab/ebusca00/signatures//fits_generative_model/all_fits//fits_dn.matched.2011.compare_LAST//simul_fit.N150.G6.s1.matched.2011.Rds
[1] "BASCULE"
Kmeans done.
Spectral clustering done.
KL-Kmeans done.
[1] "SigProfiler"
[1] "SparseSignatures"
[1] "SignatureToolsLib"
/orfeo/cephfs/scratch/cdslab/ebusca00/signatures//fits_generative_model/all_fits//fits_dn.matched.2011.compare_LAST//simul_fit.N500.G1.s6.matched.2011.Rds
[1] "BASCULE"
Kmeans done.
KL-Kmeans done.
Spectral clustering done.
[1] "SigProfiler"
[1] "SparseSignatures"
[1] "SignatureToolsLib"
/orfeo/cephfs/scratch/cdslab/ebusca00/signatures//fits_generative_model/all_fits//fits_dn.matched.2011.compare_LAST//simul_fit.N500.G3.s14.matched.2011.Rds
[1] "BASCULE"
Kmeans done.
KL-Kmeans done.
KL-Kmeans done.
Spectral clustering done.
[1] "SigProfiler"
[1] "SparseSignatures"
[1] "SignatureToolsLib"
/orfeo/cephfs/scratch/cdslab/ebusca00/signatures//fits_generative_model/all_fits//fits_dn.matched.2011.compare_LAST//simul_fit.N150.G6.s18.matched.2011.Rds
Spectral clustering done.
[1] "BASCULE"
[1] "SigProfiler"
[1] "SparseSignatures"
[1] "SignatureToolsLib"
/orfeo/cephfs/scratch/cdslab/ebusca00/signatures//fits_generative_model/all_fits//fits_dn.matched.2011.compare_LAST//simul_fit.N500.G6.s10.matched.2011.Rds
[1] "BASCULE"
Kmeans done.
Kmeans done.
KL-Kmeans done.
KL-Kmeans done.
Spectral clustering done.
[1] "SigProfiler"
[1] "SparseSignatures"
[1] "SignatureToolsLib"
/orfeo/cephfs/scratch/cdslab/ebusca00/signatures//fits_generative_model/all_fits//fits_dn.matched.2011.compare_LAST//simul_fit.N500.G6.s3.matched.2011.Rds
[1] "BASCULE"
Kmeans done.
KL-Kmeans done.
KL-Kmeans done.
Spectral clustering done.
[1] "SigProfiler"
[1] "SparseSignatures"
[1] "SignatureToolsLib"
/orfeo/cephfs/scratch/cdslab/ebusca00/signatures//fits_generative_model/all_fits//fits_dn.matched.2011.compare_LAST//simul_fit.N500.G6.s6.matched.2011.Rds
[1] "BASCULE"
Spectral clustering done.
[1] "SigProfiler"
[1] "SparseSignatures"
[1] "SignatureToolsLib"
/orfeo/cephfs/scratch/cdslab/ebusca00/signatures//fits_generative_model/all_fits//fits_dn.matched.2011.compare_LAST//simul_fit.N500.G3.s22.matched.2011.Rds
[1] "BASCULE"
Kmeans done.
Kmeans done.
Spectral clustering done.
[1] "SigProfiler"
[1] "SparseSignatures"
[1] "SignatureToolsLib"
/orfeo/cephfs/scratch/cdslab/ebusca00/signatures//fits_generative_model/all_fits//fits_dn.matched.2011.compare_LAST//simul_fit.N150.G6.s26.matched.2011.Rds
[1] "BASCULE"
Kmeans done.
KL-Kmeans done.
Spectral clustering done.
[1] "SigProfiler"
[1] "SparseSignatures"
[1] "SignatureToolsLib"
/orfeo/cephfs/scratch/cdslab/ebusca00/signatures//fits_generative_model/all_fits//fits_dn.matched.2011.compare_LAST//simul_fit.N500.G6.s24.matched.2011.Rds
[1] "BASCULE"
Kmeans done.
KL-Kmeans done.
Spectral clustering done.
[1] "SigProfiler"
[1] "SparseSignatures"
[1] "SignatureToolsLib"
/orfeo/cephfs/scratch/cdslab/ebusca00/signatures//fits_generative_model/all_fits//fits_dn.matched.2011.compare_LAST//simul_fit.N150.G6.s7.matched.2011.Rds
[1] "BASCULE"
Kmeans done.
Spectral clustering done.
[1] "SigProfiler"
[1] "SparseSignatures"
[1] "SignatureToolsLib"
KL-Kmeans done.
KL-Kmeans done.
Spectral clustering done.
[1] "SigProfiler"
[1] "SparseSignatures"
[1] "SignatureToolsLib"
/orfeo/cephfs/scratch/cdslab/ebusca00/signatures//fits_generative_model/all_fits//fits_dn.matched.2011.compare_LAST//simul_fit.N500.G3.s30.matched.2011.Rds
[1] "BASCULE"
Kmeans done.
Spectral clustering done.
[1] "SigProfiler"
[1] "SparseSignatures"
[1] "SignatureToolsLib"
/orfeo/cephfs/scratch/cdslab/ebusca00/signatures//fits_generative_model/all_fits//fits_dn.matched.2011.compare_LAST//simul_fit.N500.G1.s15.matched.2011.Rds
[1] "BASCULE"
Kmeans done.
KL-Kmeans done.
KL-Kmeans done.
Spectral clustering done.
[1] "SigProfiler"
[1] "SparseSignatures"
[1] "SignatureToolsLib"
/orfeo/cephfs/scratch/cdslab/ebusca00/signatures//fits_generative_model/all_fits//fits_dn.matched.2011.compare_LAST//simul_fit.N500.G1.s23.matched.2011.Rds
[1] "BASCULE"
Kmeans done.
KL-Kmeans done.
Spectral clustering done.
[1] "SigProfiler"
[1] "SparseSignatures"
[1] "SignatureToolsLib"
/orfeo/cephfs/scratch/cdslab/ebusca00/signatures//fits_generative_model/all_fits//fits_dn.matched.2011.compare_LAST//simul_fit.N500.G1.s4.matched.2011.Rds
[1] "BASCULE"
Kmeans done.
KL-Kmeans done.
KL-Kmeans done.
Spectral clustering done.
[1] "SigProfiler"
[1] "SparseSignatures"
[1] "SignatureToolsLib"
/orfeo/cephfs/scratch/cdslab/ebusca00/signatures//fits_generative_model/all_fits//fits_dn.matched.2011.compare_LAST//simul_fit.N500.G3.s12.matched.2011.Rds
[1] "BASCULE"
Kmeans done.
Spectral clustering done.
[1] "SigProfiler"
[1] "SparseSignatures"
[1] "SignatureToolsLib"
/orfeo/cephfs/scratch/cdslab/ebusca00/signatures//fits_generative_model/all_fits//fits_dn.matched.2011.compare_LAST//simul_fit.N500.G6.s30.matched.2011.Rds
[1] "BASCULE"
Spectral clustering done.
[1] "SigProfiler"
[1] "SparseSignatures"
[1] "SignatureToolsLib"
/orfeo/cephfs/scratch/cdslab/ebusca00/signatures//fits_generative_model/all_fits//fits_dn.matched.2011.compare_LAST//simul_fit.N500.G6.s11.matched.2011.Rds
[1] "BASCULE"
Spectral clustering done.
[1] "SigProfiler"
[1] "SparseSignatures"
[1] "SignatureToolsLib"
Kmeans done.
Kmeans done.
KL-Kmeans done.
KL-Kmeans done.
KL-Kmeans done.
KL-Kmeans done.
Spectral clustering done.
[1] "SigProfiler"
[1] "SparseSignatures"
[1] "SignatureToolsLib"
/orfeo/cephfs/scratch/cdslab/ebusca00/signatures//fits_generative_model/all_fits//fits_dn.matched.2011.compare_LAST//simul_fit.N500.G3.s20.matched.2011.Rds
[1] "BASCULE"
Kmeans done.
Spectral clustering done.
[1] "SigProfiler"
[1] "SparseSignatures"
[1] "SignatureToolsLib"
/orfeo/cephfs/scratch/cdslab/ebusca00/signatures//fits_generative_model/all_fits//fits_dn.matched.2011.compare_LAST//simul_fit.N500.G6.s19.matched.2011.Rds
[1] "BASCULE"
Kmeans done.
Spectral clustering done.
[1] "SigProfiler"
[1] "SparseSignatures"
[1] "SignatureToolsLib"
KL-Kmeans done.
Spectral clustering done.
[1] "SigProfiler"
[1] "SparseSignatures"
[1] "SignatureToolsLib"
KL-Kmeans done.
Spectral clustering done.
[1] "SigProfiler"
[1] "SparseSignatures"
[1] "SignatureToolsLib"
/orfeo/cephfs/scratch/cdslab/ebusca00/signatures//fits_generative_model/all_fits//fits_dn.matched.2011.compare_LAST//simul_fit.N500.G6.s5.matched.2011.Rds
[1] "BASCULE"
Spectral clustering done.
[1] "SigProfiler"
[1] "SparseSignatures"
[1] "SignatureToolsLib"
/orfeo/cephfs/scratch/cdslab/ebusca00/signatures//fits_generative_model/all_fits//fits_dn.matched.2011.compare_LAST//simul_fit.N500.G3.s29.matched.2011.Rds
[1] "BASCULE"
Kmeans done.
Kmeans done.
KL-Kmeans done.
KL-Kmeans done.
KL-Kmeans done.
Spectral clustering done.
[1] "SigProfiler"
[1] "SparseSignatures"
[1] "SignatureToolsLib"
/orfeo/cephfs/scratch/cdslab/ebusca00/signatures//fits_generative_model/all_fits//fits_dn.matched.2011.compare_LAST//simul_fit.N500.G6.s1.matched.2011.Rds
[1] "BASCULE"
Kmeans done.
Spectral clustering done.
[1] "SigProfiler"
[1] "SparseSignatures"
[1] "SignatureToolsLib"
/orfeo/cephfs/scratch/cdslab/ebusca00/signatures//fits_generative_model/all_fits//fits_dn.matched.2011.compare_LAST//simul_fit.N500.G6.s2.matched.2011.Rds
[1] "BASCULE"
Kmeans done.
Spectral clustering done.
[1] "SigProfiler"
[1] "SparseSignatures"
[1] "SignatureToolsLib"
KL-Kmeans done.
Spectral clustering done.
[1] "SigProfiler"
[1] "SparseSignatures"
[1] "SignatureToolsLib"
/orfeo/cephfs/scratch/cdslab/ebusca00/signatures//fits_generative_model/all_fits//fits_dn.matched.2011.compare_LAST//simul_fit.N500.G6.s27.matched.2011.Rds
[1] "BASCULE"
Kmeans done.
KL-Kmeans done.
Spectral clustering done.
[1] "SigProfiler"
[1] "SparseSignatures"
[1] "SignatureToolsLib"
KL-Kmeans done.
KL-Kmeans done.
Spectral clustering done.
[1] "SigProfiler"
[1] "SparseSignatures"
[1] "SignatureToolsLib"
/orfeo/cephfs/scratch/cdslab/ebusca00/signatures//fits_generative_model/all_fits//fits_dn.matched.2011.compare_LAST//simul_fit.N500.G6.s28.matched.2011.Rds
[1] "BASCULE"
Spectral clustering done.
[1] "SigProfiler"
Kmeans done.
[1] "SparseSignatures"
[1] "SignatureToolsLib"
/orfeo/cephfs/scratch/cdslab/ebusca00/signatures//fits_generative_model/all_fits//fits_dn.matched.2011.compare_LAST//simul_fit.N500.G6.s18.matched.2011.Rds
[1] "BASCULE"
Kmeans done.
KL-Kmeans done.
Spectral clustering done.
[1] "SigProfiler"
[1] "SparseSignatures"
[1] "SignatureToolsLib"
/orfeo/cephfs/scratch/cdslab/ebusca00/signatures//fits_generative_model/all_fits//fits_dn.matched.2011.compare_LAST//simul_fit.N500.G6.s8.matched.2011.Rds
[1] "BASCULE"
Kmeans done.
KL-Kmeans done.
KL-Kmeans done.
Spectral clustering done.
Spectral clustering done.
[1] "SigProfiler"
[1] "SparseSignatures"
[1] "SignatureToolsLib"
/orfeo/cephfs/scratch/cdslab/ebusca00/signatures//fits_generative_model/all_fits//fits_dn.matched.2011.compare_LAST//simul_fit.N500.G6.s9.matched.2011.Rds
[1] "SigProfiler"
[1] "SparseSignatures"
[1] "BASCULE"
[1] "SignatureToolsLib"
/orfeo/cephfs/scratch/cdslab/ebusca00/signatures//fits_generative_model/all_fits//fits_dn.matched.2011.compare_LAST//simul_fit.N500.G6.s26.matched.2011.Rds
[1] "BASCULE"
Kmeans done.
Kmeans done.
KL-Kmeans done.
Spectral clustering done.
[1] "SigProfiler"
[1] "SparseSignatures"
[1] "SignatureToolsLib"
KL-Kmeans done.
KL-Kmeans done.
Spectral clustering done.
[1] "SigProfiler"
[1] "SparseSignatures"
[1] "SignatureToolsLib"
Spectral clustering done.
[1] "SigProfiler"
[1] "SparseSignatures"
[1] "SignatureToolsLib"
/orfeo/cephfs/scratch/cdslab/ebusca00/signatures//fits_generative_model/all_fits//fits_dn.matched.2011.compare_LAST//simul_fit.N500.G6.s7.matched.2011.Rds
[1] "BASCULE"
Kmeans done.
KL-Kmeans done.
Spectral clustering done.
[1] "SigProfiler"
[1] "SparseSignatures"
[1] "SignatureToolsLib"
Error in `palette()`:
! Insufficient values in manual scale. 4 needed but only 3 provided.
Backtrace:
     ▆
  1. ├─base (local) `<fn>`(x)
  2. └─patchwork:::print.patchwork(x)
  3.   └─patchwork:::build_patchwork(plot, plot$layout$guides %||% "auto")
  4.     └─base::lapply(x$plots, plot_table, guides = guides)
  5.       ├─patchwork (local) FUN(X[[i]], ...)
  6.       └─patchwork:::plot_table.ggplot(X[[i]], ...)
  7.         └─ggplot2::ggplotGrob(x)
  8.           ├─ggplot2::ggplot_gtable(ggplot_build(x))
  9.           │ └─ggplot2:::attach_plot_env(data$plot$plot_env)
 10.           │   └─base::options(ggplot2_plot_env = env)
 11.           ├─ggplot2::ggplot_build(x)
 12.           └─ggplot2:::ggplot_build.ggplot(x)
 13.             └─plot$guides$build(npscales, plot$layers, plot$labels, data)
 14.               └─ggplot2 (local) build(..., self = self)
 15.                 └─guides$train(scales, labels)
 16.                   └─ggplot2 (local) train(..., self = self)
 17.                     └─base::Map(...)
 18.                       └─base::mapply(FUN = f, ..., SIMPLIFY = FALSE)
 19.                         └─ggplot2 (local) `<fn>`(...)
 20.                           └─guide$train(param, scale, aes, title = labels[[aes]])
 21.                             └─ggplot2 (local) train(..., self = self)
 22.                               ├─rlang::inject(self$extract_key(scale, !!!params))
 23.                               └─self$extract_key(...)
 24.                                 └─ggplot2 (local) extract_key(...)
 25.                                   └─scale$map(breaks)
 26.                                     └─ggplot2 (local) map(..., self = self)
 27.                                       └─self$palette(n)
 28.                                         └─ggplot2 (local) palette(...)
 29.                                           └─cli::cli_abort("Insufficient values in manual scale. {n} needed but only {length(values)} provided.")
 30.                                             └─rlang::abort(...)
Execution halted
