
CondaError: Run 'conda init' before 'conda activate'

ℹ Loading simbascule
ℹ Loading bascule
✔ Loading bascule. Support : <https://caravagnalab.github.io/bascule/>

Attaching package: ‘kernlab’

The following object is masked from ‘package:flexclust’:

    kcca

The following object is masked from ‘package:bascule’:

    alpha


Attaching package: ‘proxy’

The following objects are masked from ‘package:stats’:

    as.dist, dist

The following object is masked from ‘package:base’:

    as.matrix

Files path:
/orfeo/cephfs/scratch/cdslab/ebusca00/signatures//fits_generative_model/all_fits/fits_dn.matched.2011.compare_LAST/

Output path:
/orfeo/cephfs/scratch/cdslab/ebusca00/signatures//stats_dataframes/
/orfeo/cephfs/scratch/cdslab/ebusca00/signatures//fits_generative_model/all_fits/fits_dn.matched.2011.compare_LAST//clustering.N1000.G1.s1.matched.2011.Rds
[1] "BASCULE"
[1] "SigProfiler"
[1] "SparseSignatures"
[1] "SignatureToolsLib"
/orfeo/cephfs/scratch/cdslab/ebusca00/signatures//fits_generative_model/all_fits/fits_dn.matched.2011.compare_LAST//clustering.N1000.G1.s10.matched.2011.Rds
[1] "BASCULE"
[1] "SigProfiler"
[1] "SparseSignatures"
[1] "SignatureToolsLib"
/orfeo/cephfs/scratch/cdslab/ebusca00/signatures//fits_generative_model/all_fits/fits_dn.matched.2011.compare_LAST//clustering.N1000.G1.s11.matched.2011.Rds
[1] "BASCULE"
[1] "SigProfiler"
[1] "SparseSignatures"
[1] "SignatureToolsLib"
/orfeo/cephfs/scratch/cdslab/ebusca00/signatures//fits_generative_model/all_fits/fits_dn.matched.2011.compare_LAST//clustering.N1000.G1.s12.matched.2011.Rds
[1] "BASCULE"
[1] "SigProfiler"
[1] "SparseSignatures"
[1] "SignatureToolsLib"
/orfeo/cephfs/scratch/cdslab/ebusca00/signatures//fits_generative_model/all_fits/fits_dn.matched.2011.compare_LAST//clustering.N1000.G1.s13.matched.2011.Rds
[1] "BASCULE"
[1] "SigProfiler"
[1] "SparseSignatures"
[1] "SignatureToolsLib"
/orfeo/cephfs/scratch/cdslab/ebusca00/signatures//fits_generative_model/all_fits/fits_dn.matched.2011.compare_LAST//clustering.N1000.G1.s14.matched.2011.Rds
[1] "BASCULE"
[1] "SigProfiler"
[1] "SparseSignatures"
[1] "SignatureToolsLib"
/orfeo/cephfs/scratch/cdslab/ebusca00/signatures//fits_generative_model/all_fits/fits_dn.matched.2011.compare_LAST//clustering.N1000.G1.s15.matched.2011.Rds
[1] "BASCULE"
[1] "SigProfiler"
[1] "SparseSignatures"
[1] "SignatureToolsLib"
/orfeo/cephfs/scratch/cdslab/ebusca00/signatures//fits_generative_model/all_fits/fits_dn.matched.2011.compare_LAST//clustering.N1000.G1.s16.matched.2011.Rds
[1] "BASCULE"
[1] "SigProfiler"
[1] "SparseSignatures"
[1] "SignatureToolsLib"
/orfeo/cephfs/scratch/cdslab/ebusca00/signatures//fits_generative_model/all_fits/fits_dn.matched.2011.compare_LAST//clustering.N1000.G1.s17.matched.2011.Rds
[1] "BASCULE"
[1] "SigProfiler"
[1] "SparseSignatures"
[1] "SignatureToolsLib"
/orfeo/cephfs/scratch/cdslab/ebusca00/signatures//fits_generative_model/all_fits/fits_dn.matched.2011.compare_LAST//clustering.N1000.G1.s18.matched.2011.Rds
[1] "BASCULE"
[1] "SigProfiler"
[1] "SparseSignatures"
[1] "SignatureToolsLib"
/orfeo/cephfs/scratch/cdslab/ebusca00/signatures//fits_generative_model/all_fits/fits_dn.matched.2011.compare_LAST//clustering.N1000.G1.s19.matched.2011.Rds
[1] "BASCULE"
[1] "SigProfiler"
[1] "SparseSignatures"
[1] "SignatureToolsLib"
/orfeo/cephfs/scratch/cdslab/ebusca00/signatures//fits_generative_model/all_fits/fits_dn.matched.2011.compare_LAST//clustering.N1000.G1.s2.matched.2011.Rds
[1] "BASCULE"
[1] "SigProfiler"
[1] "SparseSignatures"
[1] "SignatureToolsLib"
/orfeo/cephfs/scratch/cdslab/ebusca00/signatures//fits_generative_model/all_fits/fits_dn.matched.2011.compare_LAST//simul_fit.N1000.G1.s1.matched.2011.Rds
[1] "BASCULE"
[1] "SigProfiler"
[1] "SparseSignatures"
[1] "SignatureToolsLib"
/orfeo/cephfs/scratch/cdslab/ebusca00/signatures//fits_generative_model/all_fits/fits_dn.matched.2011.compare_LAST//simul_fit.N1000.G1.s10.matched.2011.Rds
[1] "BASCULE"
[1] "SigProfiler"
[1] "SparseSignatures"
[1] "SignatureToolsLib"
/orfeo/cephfs/scratch/cdslab/ebusca00/signatures//fits_generative_model/all_fits/fits_dn.matched.2011.compare_LAST//simul_fit.N1000.G1.s11.matched.2011.Rds
[1] "BASCULE"
[1] "SigProfiler"
[1] "SparseSignatures"
[1] "SignatureToolsLib"
/orfeo/cephfs/scratch/cdslab/ebusca00/signatures//fits_generative_model/all_fits/fits_dn.matched.2011.compare_LAST//simul_fit.N1000.G1.s12.matched.2011.Rds
[1] "BASCULE"
[1] "SigProfiler"
[1] "SparseSignatures"
[1] "SignatureToolsLib"
/orfeo/cephfs/scratch/cdslab/ebusca00/signatures//fits_generative_model/all_fits/fits_dn.matched.2011.compare_LAST//simul_fit.N1000.G1.s13.matched.2011.Rds
[1] "BASCULE"
[1] "SigProfiler"
[1] "SparseSignatures"
[1] "SignatureToolsLib"
/orfeo/cephfs/scratch/cdslab/ebusca00/signatures//fits_generative_model/all_fits/fits_dn.matched.2011.compare_LAST//simul_fit.N1000.G1.s14.matched.2011.Rds
[1] "BASCULE"
[1] "SigProfiler"
[1] "SparseSignatures"
[1] "SignatureToolsLib"
/orfeo/cephfs/scratch/cdslab/ebusca00/signatures//fits_generative_model/all_fits/fits_dn.matched.2011.compare_LAST//simul_fit.N1000.G1.s15.matched.2011.Rds
[1] "BASCULE"
[1] "SigProfiler"
[1] "SparseSignatures"
[1] "SignatureToolsLib"
/orfeo/cephfs/scratch/cdslab/ebusca00/signatures//fits_generative_model/all_fits/fits_dn.matched.2011.compare_LAST//simul_fit.N1000.G1.s16.matched.2011.Rds
[1] "BASCULE"
[1] "SigProfiler"
[1] "SparseSignatures"
[1] "SignatureToolsLib"
/orfeo/cephfs/scratch/cdslab/ebusca00/signatures//fits_generative_model/all_fits/fits_dn.matched.2011.compare_LAST//simul_fit.N1000.G1.s17.matched.2011.Rds
[1] "BASCULE"
[1] "SigProfiler"
[1] "SparseSignatures"
[1] "SignatureToolsLib"
/orfeo/cephfs/scratch/cdslab/ebusca00/signatures//fits_generative_model/all_fits/fits_dn.matched.2011.compare_LAST//simul_fit.N1000.G1.s18.matched.2011.Rds
[1] "BASCULE"
[1] "SigProfiler"
[1] "SparseSignatures"
[1] "SignatureToolsLib"
/orfeo/cephfs/scratch/cdslab/ebusca00/signatures//fits_generative_model/all_fits/fits_dn.matched.2011.compare_LAST//simul_fit.N1000.G1.s19.matched.2011.Rds
[1] "BASCULE"
[1] "SigProfiler"
[1] "SparseSignatures"
[1] "SignatureToolsLib"
/orfeo/cephfs/scratch/cdslab/ebusca00/signatures//fits_generative_model/all_fits/fits_dn.matched.2011.compare_LAST//simul_fit.N1000.G1.s2.matched.2011.Rds
[1] "BASCULE"
[1] "SigProfiler"
[1] "SparseSignatures"
[1] "SignatureToolsLib"
/orfeo/cephfs/scratch/cdslab/ebusca00/signatures//fits_generative_model/all_fits/fits_dn.matched.2011.compare_LAST//simul_fit.N1000.G1.s20.matched.2011.Rds
[1] "BASCULE"
Kmeans done.
Found more than one class "kcca" in cache; using the first, from namespace 'flexclust'
Also defined by ‘kernlab’
Found more than one class "kcca" in cache; using the first, from namespace 'flexclust'
Also defined by ‘kernlab’
KL-Kmeans done.
Spectral clustering done.
[1] "SigProfiler"
[1] "SparseSignatures"
[1] "SignatureToolsLib"
/orfeo/cephfs/scratch/cdslab/ebusca00/signatures//fits_generative_model/all_fits/fits_dn.matched.2011.compare_LAST//simul_fit.N1000.G1.s21.matched.2011.Rds
[1] "BASCULE"
Kmeans done.
KL-Kmeans done.
Spectral clustering done.
[1] "SigProfiler"
[1] "SparseSignatures"
[1] "SignatureToolsLib"
/orfeo/cephfs/scratch/cdslab/ebusca00/signatures//fits_generative_model/all_fits/fits_dn.matched.2011.compare_LAST//simul_fit.N1000.G1.s22.matched.2011.Rds
[1] "BASCULE"
Kmeans done.
KL-Kmeans done.
Spectral clustering done.
[1] "SigProfiler"
[1] "SparseSignatures"
[1] "SignatureToolsLib"
/orfeo/cephfs/scratch/cdslab/ebusca00/signatures//fits_generative_model/all_fits/fits_dn.matched.2011.compare_LAST//simul_fit.N1000.G1.s23.matched.2011.Rds
[1] "BASCULE"
Kmeans done.
KL-Kmeans done.
Spectral clustering done.
[1] "SigProfiler"
[1] "SparseSignatures"
[1] "SignatureToolsLib"
/orfeo/cephfs/scratch/cdslab/ebusca00/signatures//fits_generative_model/all_fits/fits_dn.matched.2011.compare_LAST//simul_fit.N1000.G1.s24.matched.2011.Rds
[1] "BASCULE"
Kmeans done.
KL-Kmeans done.
Spectral clustering done.
[1] "SigProfiler"
[1] "SparseSignatures"
[1] "SignatureToolsLib"
/orfeo/cephfs/scratch/cdslab/ebusca00/signatures//fits_generative_model/all_fits/fits_dn.matched.2011.compare_LAST//simul_fit.N1000.G1.s25.matched.2011.Rds
[1] "BASCULE"
Kmeans done.
KL-Kmeans done.
Spectral clustering done.
[1] "SigProfiler"
[1] "SparseSignatures"
[1] "SignatureToolsLib"
/orfeo/cephfs/scratch/cdslab/ebusca00/signatures//fits_generative_model/all_fits/fits_dn.matched.2011.compare_LAST//simul_fit.N1000.G1.s26.matched.2011.Rds
[1] "BASCULE"
Kmeans done.
KL-Kmeans done.
Spectral clustering done.
[1] "SigProfiler"
[1] "SparseSignatures"
[1] "SignatureToolsLib"
/orfeo/cephfs/scratch/cdslab/ebusca00/signatures//fits_generative_model/all_fits/fits_dn.matched.2011.compare_LAST//simul_fit.N1000.G1.s27.matched.2011.Rds
[1] "BASCULE"
Kmeans done.
KL-Kmeans done.
Spectral clustering done.
[1] "SigProfiler"
[1] "SparseSignatures"
[1] "SignatureToolsLib"
/orfeo/cephfs/scratch/cdslab/ebusca00/signatures//fits_generative_model/all_fits/fits_dn.matched.2011.compare_LAST//simul_fit.N1000.G1.s28.matched.2011.Rds
[1] "BASCULE"
Kmeans done.
KL-Kmeans done.
Spectral clustering done.
[1] "SigProfiler"
[1] "SparseSignatures"
[1] "SignatureToolsLib"
/orfeo/cephfs/scratch/cdslab/ebusca00/signatures//fits_generative_model/all_fits/fits_dn.matched.2011.compare_LAST//simul_fit.N1000.G1.s29.matched.2011.Rds
[1] "BASCULE"
Kmeans done.
KL-Kmeans done.
Spectral clustering done.
[1] "SigProfiler"
[1] "SparseSignatures"
[1] "SignatureToolsLib"
/orfeo/cephfs/scratch/cdslab/ebusca00/signatures//fits_generative_model/all_fits/fits_dn.matched.2011.compare_LAST//simul_fit.N1000.G1.s3.matched.2011.Rds
[1] "BASCULE"
Kmeans done.
KL-Kmeans done.
Spectral clustering done.
[1] "SigProfiler"
[1] "SparseSignatures"
[1] "SignatureToolsLib"
/orfeo/cephfs/scratch/cdslab/ebusca00/signatures//fits_generative_model/all_fits/fits_dn.matched.2011.compare_LAST//simul_fit.N1000.G1.s30.matched.2011.Rds
[1] "BASCULE"
Kmeans done.
KL-Kmeans done.
Spectral clustering done.
[1] "SigProfiler"
[1] "SparseSignatures"
[1] "SignatureToolsLib"
/orfeo/cephfs/scratch/cdslab/ebusca00/signatures//fits_generative_model/all_fits/fits_dn.matched.2011.compare_LAST//simul_fit.N1000.G1.s4.matched.2011.Rds
[1] "BASCULE"
Kmeans done.
KL-Kmeans done.
Spectral clustering done.
[1] "SigProfiler"
[1] "SparseSignatures"
[1] "SignatureToolsLib"
/orfeo/cephfs/scratch/cdslab/ebusca00/signatures//fits_generative_model/all_fits/fits_dn.matched.2011.compare_LAST//simul_fit.N1000.G1.s5.matched.2011.Rds
[1] "BASCULE"
Kmeans done.
KL-Kmeans done.
Spectral clustering done.
[1] "SigProfiler"
[1] "SparseSignatures"
[1] "SignatureToolsLib"
/orfeo/cephfs/scratch/cdslab/ebusca00/signatures//fits_generative_model/all_fits/fits_dn.matched.2011.compare_LAST//simul_fit.N1000.G1.s6.matched.2011.Rds
[1] "BASCULE"
Kmeans done.
KL-Kmeans done.
Spectral clustering done.
[1] "SigProfiler"
[1] "SparseSignatures"
[1] "SignatureToolsLib"
/orfeo/cephfs/scratch/cdslab/ebusca00/signatures//fits_generative_model/all_fits/fits_dn.matched.2011.compare_LAST//simul_fit.N1000.G1.s7.matched.2011.Rds
[1] "BASCULE"
Kmeans done.
KL-Kmeans done.
Spectral clustering done.
[1] "SigProfiler"
[1] "SparseSignatures"
[1] "SignatureToolsLib"
/orfeo/cephfs/scratch/cdslab/ebusca00/signatures//fits_generative_model/all_fits/fits_dn.matched.2011.compare_LAST//simul_fit.N1000.G1.s8.matched.2011.Rds
[1] "BASCULE"
Kmeans done.
KL-Kmeans done.
Spectral clustering done.
[1] "SigProfiler"
[1] "SparseSignatures"
[1] "SignatureToolsLib"
/orfeo/cephfs/scratch/cdslab/ebusca00/signatures//fits_generative_model/all_fits/fits_dn.matched.2011.compare_LAST//simul_fit.N1000.G1.s9.matched.2011.Rds
[1] "BASCULE"
Kmeans done.
KL-Kmeans done.
Spectral clustering done.
[1] "SigProfiler"
[1] "SparseSignatures"
[1] "SignatureToolsLib"
/orfeo/cephfs/scratch/cdslab/ebusca00/signatures//fits_generative_model/all_fits/fits_dn.matched.2011.compare_LAST//simul_fit.N1000.G3.s1.matched.2011.Rds
[1] "BASCULE"
Kmeans done.
KL-Kmeans done.
Spectral clustering done.
[1] "SigProfiler"
[1] "SparseSignatures"
[1] "SignatureToolsLib"
/orfeo/cephfs/scratch/cdslab/ebusca00/signatures//fits_generative_model/all_fits/fits_dn.matched.2011.compare_LAST//simul_fit.N1000.G3.s10.matched.2011.Rds
[1] "BASCULE"
Kmeans done.
slurmstepd: error: *** JOB 1054785 ON thin005 CANCELLED AT 2025-03-18T23:43:52 ***
